Archive member included to satisfy reference by file (symbol)

LCD/libLCD.a(LCD_1in3.c.obj)  CMakeFiles/main.dir/main.c.obj (LCD_1IN3_Init)
Config/libConfig.a(DEV_Config.c.obj)
                              LCD/libLCD.a(LCD_1in3.c.obj) (DEV_Digital_Write)
Infrared/libInfrared.a(Infrared.c.obj)
                              CMakeFiles/main.dir/main.c.obj (SET_Infrared_PIN)
/usr/lib/gcc/arm-none-eabi/9.2.1/thumb/v6-m/nofp/libgcc.a(_dvmd_tls.o)
                              CMakeFiles/main.dir/home/dan/raspberry-pi-pico/pico/pico-sdk/src/rp2_common/pico_divider/divider.S.obj (__aeabi_idiv0)
/usr/lib/gcc/arm-none-eabi/9.2.1/../../../arm-none-eabi/lib/thumb/v6-m/nofp/libg.a(lib_a-atexit.o)
                              /usr/lib/gcc/arm-none-eabi/9.2.1/../../../arm-none-eabi/lib/thumb/v6-m/nofp/crt0.o (atexit)
/usr/lib/gcc/arm-none-eabi/9.2.1/../../../arm-none-eabi/lib/thumb/v6-m/nofp/libg.a(lib_a-calloc.o)
                              CMakeFiles/main.dir/home/dan/raspberry-pi-pico/pico/pico-sdk/src/rp2_common/pico_malloc/pico_malloc.c.obj (calloc)
/usr/lib/gcc/arm-none-eabi/9.2.1/../../../arm-none-eabi/lib/thumb/v6-m/nofp/libg.a(lib_a-callocr.o)
                              /usr/lib/gcc/arm-none-eabi/9.2.1/../../../arm-none-eabi/lib/thumb/v6-m/nofp/libg.a(lib_a-calloc.o) (_calloc_r)
/usr/lib/gcc/arm-none-eabi/9.2.1/../../../arm-none-eabi/lib/thumb/v6-m/nofp/libg.a(lib_a-fini.o)
                              /usr/lib/gcc/arm-none-eabi/9.2.1/../../../arm-none-eabi/lib/thumb/v6-m/nofp/crt0.o (__libc_fini_array)
/usr/lib/gcc/arm-none-eabi/9.2.1/../../../arm-none-eabi/lib/thumb/v6-m/nofp/libg.a(lib_a-impure.o)
                              /usr/lib/gcc/arm-none-eabi/9.2.1/../../../arm-none-eabi/lib/thumb/v6-m/nofp/libg.a(lib_a-calloc.o) (_impure_ptr)
/usr/lib/gcc/arm-none-eabi/9.2.1/../../../arm-none-eabi/lib/thumb/v6-m/nofp/libg.a(lib_a-init.o)
                              /usr/lib/gcc/arm-none-eabi/9.2.1/../../../arm-none-eabi/lib/thumb/v6-m/nofp/crt0.o (__libc_init_array)
/usr/lib/gcc/arm-none-eabi/9.2.1/../../../arm-none-eabi/lib/thumb/v6-m/nofp/libg.a(lib_a-malloc.o)
                              CMakeFiles/main.dir/home/dan/raspberry-pi-pico/pico/pico-sdk/src/rp2_common/pico_malloc/pico_malloc.c.obj (malloc)
/usr/lib/gcc/arm-none-eabi/9.2.1/../../../arm-none-eabi/lib/thumb/v6-m/nofp/libg.a(lib_a-mallocr.o)
                              /usr/lib/gcc/arm-none-eabi/9.2.1/../../../arm-none-eabi/lib/thumb/v6-m/nofp/libg.a(lib_a-callocr.o) (_malloc_r)
/usr/lib/gcc/arm-none-eabi/9.2.1/../../../arm-none-eabi/lib/thumb/v6-m/nofp/libg.a(lib_a-mlock.o)
                              /usr/lib/gcc/arm-none-eabi/9.2.1/../../../arm-none-eabi/lib/thumb/v6-m/nofp/libg.a(lib_a-mallocr.o) (__malloc_lock)
/usr/lib/gcc/arm-none-eabi/9.2.1/../../../arm-none-eabi/lib/thumb/v6-m/nofp/libg.a(lib_a-realloc.o)
                              CMakeFiles/main.dir/home/dan/raspberry-pi-pico/pico/pico-sdk/src/rp2_common/pico_malloc/pico_malloc.c.obj (realloc)
/usr/lib/gcc/arm-none-eabi/9.2.1/../../../arm-none-eabi/lib/thumb/v6-m/nofp/libg.a(lib_a-reallocr.o)
                              /usr/lib/gcc/arm-none-eabi/9.2.1/../../../arm-none-eabi/lib/thumb/v6-m/nofp/libg.a(lib_a-realloc.o) (_realloc_r)
/usr/lib/gcc/arm-none-eabi/9.2.1/../../../arm-none-eabi/lib/thumb/v6-m/nofp/libg.a(lib_a-sbrkr.o)
                              /usr/lib/gcc/arm-none-eabi/9.2.1/../../../arm-none-eabi/lib/thumb/v6-m/nofp/libg.a(lib_a-mallocr.o) (_sbrk_r)
/usr/lib/gcc/arm-none-eabi/9.2.1/../../../arm-none-eabi/lib/thumb/v6-m/nofp/libg.a(lib_a-strlen-stub.o)
                              CMakeFiles/main.dir/home/dan/raspberry-pi-pico/pico/pico-sdk/src/rp2_common/pico_stdio/stdio.c.obj (strlen)
/usr/lib/gcc/arm-none-eabi/9.2.1/../../../arm-none-eabi/lib/thumb/v6-m/nofp/libg.a(lib_a-__atexit.o)
                              /usr/lib/gcc/arm-none-eabi/9.2.1/../../../arm-none-eabi/lib/thumb/v6-m/nofp/libg.a(lib_a-atexit.o) (__register_exitproc)
/usr/lib/gcc/arm-none-eabi/9.2.1/../../../arm-none-eabi/lib/thumb/v6-m/nofp/libg.a(lib_a-freer.o)
                              /usr/lib/gcc/arm-none-eabi/9.2.1/../../../arm-none-eabi/lib/thumb/v6-m/nofp/libg.a(lib_a-malloc.o) (_free_r)
/usr/lib/gcc/arm-none-eabi/9.2.1/../../../arm-none-eabi/lib/thumb/v6-m/nofp/libg.a(lib_a-memmove.o)
                              /usr/lib/gcc/arm-none-eabi/9.2.1/../../../arm-none-eabi/lib/thumb/v6-m/nofp/libg.a(lib_a-reallocr.o) (memmove)
/usr/lib/gcc/arm-none-eabi/9.2.1/../../../arm-none-eabi/lib/thumb/v6-m/nofp/libg.a(lib_a-reent.o)
                              /usr/lib/gcc/arm-none-eabi/9.2.1/../../../arm-none-eabi/lib/thumb/v6-m/nofp/libg.a(lib_a-sbrkr.o) (errno)

Allocating common symbols
Common symbol       size              file

screenBuffer        0x1c200           CMakeFiles/main.dir/main.c.obj
sf_table            0x100             CMakeFiles/main.dir/home/dan/raspberry-pi-pico/pico/pico-sdk/src/rp2_common/pico_float/float_init_rom.c.obj
[...]
Memory Configuration

Name             Origin             Length             Attributes
FLASH            0x0000000010000000 0x0000000000200000 xr
RAM              0x0000000020000000 0x0000000000040000 xrw
SCRATCH_X        0x0000000020040000 0x0000000000001000 xrw
SCRATCH_Y        0x0000000020041000 0x0000000000001000 xrw
*default*        0x0000000000000000 0xffffffffffffffff

Linker script and memory map

LOAD /usr/lib/gcc/arm-none-eabi/9.2.1/thumb/v6-m/nofp/crti.o
LOAD /usr/lib/gcc/arm-none-eabi/9.2.1/thumb/v6-m/nofp/crtbegin.o
LOAD /usr/lib/gcc/arm-none-eabi/9.2.1/../../../arm-none-eabi/lib/thumb/v6-m/nofp/crt0.o

.flash_begin    0x0000000010000000        0x0
                0x0000000010000000                __flash_binary_start = .

.boot2          0x0000000010000000      0x100
                0x0000000010000000                __boot2_start__ = .
 *(.boot2)
 .boot2         0x0000000010000000      0x100 /tmp/ccoI4oOs.o
                0x0000000010000100                __boot2_end__ = .
                0x0000000000000001                ASSERT (((__boot2_end__ - __boot2_start__) == 0x100), ERROR: Pico second stage bootloader must be 256 bytes in size)

.text           0x0000000010000100     0x9578
                0x0000000010000100                __logical_binary_start = .
 *(.vectors)
 .vectors       0x0000000010000100       0xd4 CMakeFiles/main.dir/home/dan/raspberry-pi-pico/pico/pico-sdk/src/rp2_common/pico_standard_link/crt0.S.obj
                0x0000000010000100                __vectors
                0x0000000010000100                __VECTOR_TABLE
                0x00000000100001c0                isr_invalid
                0x00000000100001c0                __default_isrs_start
                0x00000000100001c2                isr_nmi
                0x00000000100001c4                isr_hardfault
                0x00000000100001c6                isr_svcall
                0x00000000100001c8                isr_pendsv
                0x00000000100001ca                isr_systick
                0x00000000100001cc                isr_irq30
                0x00000000100001cc                __unhandled_user_irq
                0x00000000100001cc                isr_irq13
                0x00000000100001cc                isr_irq27
                0x00000000100001cc                isr_irq31
                0x00000000100001cc                isr_irq5
                0x00000000100001cc                isr_irq11
                0x00000000100001cc                isr_irq23
                0x00000000100001cc                isr_irq18
                0x00000000100001cc                isr_irq28
                0x00000000100001cc                isr_irq19
                0x00000000100001cc                isr_irq0
                0x00000000100001cc                isr_irq6
                0x00000000100001cc                isr_irq22
                0x00000000100001cc                isr_irq17
                0x00000000100001cc                isr_irq14
                0x00000000100001cc                isr_irq2
                0x00000000100001cc                isr_irq10
                0x00000000100001cc                isr_irq8
                0x00000000100001cc                isr_irq24
                0x00000000100001cc                isr_irq1
                0x00000000100001cc                isr_irq7
                0x00000000100001cc                isr_irq21
                0x00000000100001cc                isr_irq20
                0x00000000100001cc                isr_irq15
                0x00000000100001cc                isr_irq25
                0x00000000100001cc                isr_irq4
                0x00000000100001cc                isr_irq16
                0x00000000100001cc                isr_irq29
                0x00000000100001cc                isr_irq26
                0x00000000100001cc                __default_isrs_end
                0x00000000100001cc                isr_irq3
                0x00000000100001cc                isr_irq12
                0x00000000100001cc                isr_irq9
                0x00000000100001d2                unhandled_user_irq_num_in_r0
 *(.binary_info_header)
 .binary_info_header
                0x00000000100001d4       0x14 CMakeFiles/main.dir/home/dan/raspberry-pi-pico/pico/pico-sdk/src/rp2_common/pico_standard_link/crt0.S.obj
                0x00000000100001e8                __binary_info_header_end = .
 *(.reset)
 .reset         0x00000000100001e8       0xa0 CMakeFiles/main.dir/home/dan/raspberry-pi-pico/pico/pico-sdk/src/rp2_common/pico_standard_link/crt0.S.obj
                0x00000000100001e8                _entry_point
 .reset         0x0000000010000288       0x30 CMakeFiles/main.dir/home/dan/raspberry-pi-pico/pico/pico-sdk/src/rp2_common/pico_standard_link/binary_info.c.obj
 *(.init)
 .init          0x00000000100002b8        0x4 /usr/lib/gcc/arm-none-eabi/9.2.1/thumb/v6-m/nofp/crti.o
                0x00000000100002b8                _init
 *(EXCLUDE_FILE(*libm.a: *libc.a:*lib_a-mem*.o *libgcc.a:) .text*)
 .text          0x00000000100002bc       0x98 /usr/lib/gcc/arm-none-eabi/9.2.1/thumb/v6-m/nofp/crtbegin.o
 .text.intMin   0x0000000010000354        0xc CMakeFiles/main.dir/main.c.obj
                0x0000000010000354                intMin
 .text.intMax   0x0000000010000360        0xc CMakeFiles/main.dir/main.c.obj
                0x0000000010000360                intMax
 .text.projectPos3D
                0x000000001000036c       0x2c CMakeFiles/main.dir/main.c.obj
                0x000000001000036c                projectPos3D
 .text.rotateAroundX
                0x0000000010000398       0x70 CMakeFiles/main.dir/main.c.obj
                0x0000000010000398                rotateAroundX
 .text.rotateAroundY
                0x0000000010000408       0x78 CMakeFiles/main.dir/main.c.obj
                0x0000000010000408                rotateAroundY
 .text.dot      0x0000000010000480       0x1c CMakeFiles/main.dir/main.c.obj
                0x0000000010000480                dot
 .text.drawPoint
                0x000000001000049c       0x2c CMakeFiles/main.dir/main.c.obj
                0x000000001000049c                drawPoint
 .text.drawLine
                0x00000000100004c8       0xd8 CMakeFiles/main.dir/main.c.obj
                0x00000000100004c8                drawLine
 .text.fillTriangle
                0x00000000100005a0      0x1f8 CMakeFiles/main.dir/main.c.obj
                0x00000000100005a0                fillTriangle
 .text.interpolate
                0x0000000010000798        0xe CMakeFiles/main.dir/main.c.obj
                0x0000000010000798                interpolate
 .text.sampleTexture
                0x00000000100007a6       0x3e CMakeFiles/main.dir/main.c.obj
                0x00000000100007a6                sampleTexture
 .text.fillTexturedTriangle
                0x00000000100007e4      0x5d4 CMakeFiles/main.dir/main.c.obj
                0x00000000100007e4                fillTexturedTriangle
 .text.renderCubeWireframe
                0x0000000010000db8      0x174 CMakeFiles/main.dir/main.c.obj
                0x0000000010000db8                renderCubeWireframe
 .text.renderCubeWireframeCulled
                0x0000000010000f2c      0x218 CMakeFiles/main.dir/main.c.obj
                0x0000000010000f2c                renderCubeWireframeCulled
 .text.renderCubeFilled
                0x0000000010001144      0x208 CMakeFiles/main.dir/main.c.obj
                0x0000000010001144                renderCubeFilled
 .text.renderCubeLit
                0x000000001000134c      0x2cc CMakeFiles/main.dir/main.c.obj
                0x000000001000134c                renderCubeLit
 .text.renderCubeTextured
                0x0000000010001618      0x290 CMakeFiles/main.dir/main.c.obj
                0x0000000010001618                renderCubeTextured
 .text.main     0x00000000100018a8      0x190 CMakeFiles/main.dir/main.c.obj
                0x00000000100018a8                main
 .text.gpio_set_function
                0x0000000010001a38       0x30 CMakeFiles/main.dir/home/dan/raspberry-pi-pico/pico/pico-sdk/src/rp2_common/hardware_gpio/gpio.c.obj
                0x0000000010001a38                gpio_set_function
 .text.gpio_set_pulls
                0x0000000010001a68       0x34 CMakeFiles/main.dir/home/dan/raspberry-pi-pico/pico/pico-sdk/src/rp2_common/hardware_gpio/gpio.c.obj
                0x0000000010001a68                gpio_set_pulls
 .text.gpio_init
                0x0000000010001a9c       0x16 CMakeFiles/main.dir/home/dan/raspberry-pi-pico/pico/pico-sdk/src/rp2_common/hardware_gpio/gpio.c.obj
                0x0000000010001a9c                gpio_init
 *fill*         0x0000000010001ab2        0x2 
 .text.running_on_fpga
                0x0000000010001ab4       0x14 CMakeFiles/main.dir/home/dan/raspberry-pi-pico/pico/pico-sdk/src/rp2_common/pico_platform/platform.c.obj
                0x0000000010001ab4                running_on_fpga
 .text.hw_claim_lock
                0x0000000010001ac8       0x18 CMakeFiles/main.dir/home/dan/raspberry-pi-pico/pico/pico-sdk/src/rp2_common/hardware_claim/claim.c.obj
                0x0000000010001ac8                hw_claim_lock
 .text.hw_claim_unlock
                0x0000000010001ae0       0x14 CMakeFiles/main.dir/home/dan/raspberry-pi-pico/pico/pico-sdk/src/rp2_common/hardware_claim/claim.c.obj
                0x0000000010001ae0                hw_claim_unlock
 .text.hw_claim_or_assert
                0x0000000010001af4       0x32 CMakeFiles/main.dir/home/dan/raspberry-pi-pico/pico/pico-sdk/src/rp2_common/hardware_claim/claim.c.obj
                0x0000000010001af4                hw_claim_or_assert
 .text.hw_claim_unused_from_range
                0x0000000010001b26       0x50 CMakeFiles/main.dir/home/dan/raspberry-pi-pico/pico/pico-sdk/src/rp2_common/hardware_claim/claim.c.obj
                0x0000000010001b26                hw_claim_unused_from_range
 *fill*         0x0000000010001b76        0x2 
 .text.spin_locks_reset
                0x0000000010001b78       0x20 CMakeFiles/main.dir/home/dan/raspberry-pi-pico/pico/pico-sdk/src/rp2_common/hardware_sync/sync.c.obj
                0x0000000010001b78                spin_locks_reset
 .text.next_striped_spin_lock_num
                0x0000000010001b98       0x1c CMakeFiles/main.dir/home/dan/raspberry-pi-pico/pico/pico-sdk/src/rp2_common/hardware_sync/sync.c.obj
                0x0000000010001b98                next_striped_spin_lock_num
 .text.spin_lock_claim_unused
                0x0000000010001bb4       0x20 CMakeFiles/main.dir/home/dan/raspberry-pi-pico/pico/pico-sdk/src/rp2_common/hardware_sync/sync.c.obj
                0x0000000010001bb4                spin_lock_claim_unused
 .text.set_raw_irq_handler_and_unlock
                0x0000000010001bd4       0x28 CMakeFiles/main.dir/home/dan/raspberry-pi-pico/pico/pico-sdk/src/rp2_common/hardware_irq/irq.c.obj
 .text.make_branch
                0x0000000010001bfc       0x48 CMakeFiles/main.dir/home/dan/raspberry-pi-pico/pico/pico-sdk/src/rp2_common/hardware_irq/irq.c.obj
 .text.insert_branch_and_link
                0x0000000010001c44       0x40 CMakeFiles/main.dir/home/dan/raspberry-pi-pico/pico/pico-sdk/src/rp2_common/hardware_irq/irq.c.obj
 .text.irq_is_enabled
                0x0000000010001c84       0x18 CMakeFiles/main.dir/home/dan/raspberry-pi-pico/pico/pico-sdk/src/rp2_common/hardware_irq/irq.c.obj
                0x0000000010001c84                irq_is_enabled
 .text.irq_set_mask_enabled
                0x0000000010001c9c       0x20 CMakeFiles/main.dir/home/dan/raspberry-pi-pico/pico/pico-sdk/src/rp2_common/hardware_irq/irq.c.obj
                0x0000000010001c9c                irq_set_mask_enabled
 .text.irq_set_enabled
                0x0000000010001cbc        0xe CMakeFiles/main.dir/home/dan/raspberry-pi-pico/pico/pico-sdk/src/rp2_common/hardware_irq/irq.c.obj
                0x0000000010001cbc                irq_set_enabled
 *fill*         0x0000000010001cca        0x2 
 .text.irq_set_pending
                0x0000000010001ccc       0x10 CMakeFiles/main.dir/home/dan/raspberry-pi-pico/pico/pico-sdk/src/rp2_common/hardware_irq/irq.c.obj
                0x0000000010001ccc                irq_set_pending
 .text.irq_get_vtable_handler
                0x0000000010001cdc       0x10 CMakeFiles/main.dir/home/dan/raspberry-pi-pico/pico/pico-sdk/src/rp2_common/hardware_irq/irq.c.obj
                0x0000000010001cdc                irq_get_vtable_handler
 .text.irq_has_shared_handler
                0x0000000010001cec       0x24 CMakeFiles/main.dir/home/dan/raspberry-pi-pico/pico/pico-sdk/src/rp2_common/hardware_irq/irq.c.obj
                0x0000000010001cec                irq_has_shared_handler
 .text.irq_set_exclusive_handler
                0x0000000010001d10       0x54 CMakeFiles/main.dir/home/dan/raspberry-pi-pico/pico/pico-sdk/src/rp2_common/hardware_irq/irq.c.obj
                0x0000000010001d10                irq_set_exclusive_handler
 .text.irq_add_shared_handler
                0x0000000010001d64      0x234 CMakeFiles/main.dir/home/dan/raspberry-pi-pico/pico/pico-sdk/src/rp2_common/hardware_irq/irq.c.obj
                0x0000000010001d64                irq_add_shared_handler
 .text.irq_remove_handler
                0x0000000010001f98      0x1ac CMakeFiles/main.dir/home/dan/raspberry-pi-pico/pico/pico-sdk/src/rp2_common/hardware_irq/irq.c.obj
                0x0000000010001f98                irq_remove_handler
 .text.irq_add_tail_to_free_list
                0x0000000010002144       0xf0 CMakeFiles/main.dir/home/dan/raspberry-pi-pico/pico/pico-sdk/src/rp2_common/hardware_irq/irq.c.obj
                0x0000000010002144                irq_add_tail_to_free_list
 .text.irq_init_priorities
                0x0000000010002234       0x1c CMakeFiles/main.dir/home/dan/raspberry-pi-pico/pico/pico-sdk/src/rp2_common/hardware_irq/irq.c.obj
                0x0000000010002234                irq_init_priorities
 .text.user_irq_claim_unused
                0x0000000010002250       0x28 CMakeFiles/main.dir/home/dan/raspberry-pi-pico/pico/pico-sdk/src/rp2_common/hardware_irq/irq.c.obj
                0x0000000010002250                user_irq_claim_unused
 .text.lock_init
                0x0000000010002278       0x10 CMakeFiles/main.dir/home/dan/raspberry-pi-pico/pico/pico-sdk/src/common/pico_sync/lock_core.c.obj
                0x0000000010002278                lock_init
 .text.mutex_init
                0x0000000010002288       0x1a CMakeFiles/main.dir/home/dan/raspberry-pi-pico/pico/pico-sdk/src/common/pico_sync/mutex.c.obj
                0x0000000010002288                mutex_init
 .text.recursive_mutex_init
                0x00000000100022a2       0x1e CMakeFiles/main.dir/home/dan/raspberry-pi-pico/pico/pico-sdk/src/common/pico_sync/mutex.c.obj
                0x00000000100022a2                recursive_mutex_init
 .text.critical_section_init_with_lock_num
                0x00000000100022c0       0x14 CMakeFiles/main.dir/home/dan/raspberry-pi-pico/pico/pico-sdk/src/common/pico_sync/critical_section.c.obj
                0x00000000100022c0                critical_section_init_with_lock_num
 .text.critical_section_init
                0x00000000100022d4       0x14 CMakeFiles/main.dir/home/dan/raspberry-pi-pico/pico/pico-sdk/src/common/pico_sync/critical_section.c.obj
                0x00000000100022d4                critical_section_init
 .text.alarm_pool_post_alloc_init
                0x00000000100022e8       0x40 CMakeFiles/main.dir/home/dan/raspberry-pi-pico/pico/pico-sdk/src/common/pico_time/time.c.obj
 .text.sleep_until_callback
                0x0000000010002328       0x30 CMakeFiles/main.dir/home/dan/raspberry-pi-pico/pico/pico-sdk/src/common/pico_time/time.c.obj
 .text.timer_pool_entry_comparator
                0x0000000010002358       0x7c CMakeFiles/main.dir/home/dan/raspberry-pi-pico/pico/pico-sdk/src/common/pico_time/time.c.obj
                0x0000000010002358                timer_pool_entry_comparator
 .text.ph_add_child_node
                0x00000000100023d4       0xa4 CMakeFiles/main.dir/home/dan/raspberry-pi-pico/pico/pico-sdk/src/common/pico_time/time.c.obj
 .text.ph_merge_nodes
                0x0000000010002478       0x3e CMakeFiles/main.dir/home/dan/raspberry-pi-pico/pico/pico-sdk/src/common/pico_time/time.c.obj
 *fill*         0x00000000100024b6        0x2 
 .text.add_alarm_under_lock
                0x00000000100024b8      0x174 CMakeFiles/main.dir/home/dan/raspberry-pi-pico/pico/pico-sdk/src/common/pico_time/time.c.obj
 .text.alarm_pool_alarm_callback
                0x000000001000262c      0x33c CMakeFiles/main.dir/home/dan/raspberry-pi-pico/pico/pico-sdk/src/common/pico_time/time.c.obj
 .text.alarm_pool_init_default
                0x0000000010002968       0x40 CMakeFiles/main.dir/home/dan/raspberry-pi-pico/pico/pico-sdk/src/common/pico_time/time.c.obj
                0x0000000010002968                alarm_pool_init_default
 .text.alarm_pool_get_default
                0x00000000100029a8       0x2c CMakeFiles/main.dir/home/dan/raspberry-pi-pico/pico/pico-sdk/src/common/pico_time/time.c.obj
                0x00000000100029a8                alarm_pool_get_default
 .text.alarm_pool_add_alarm_at
                0x00000000100029d4      0x168 CMakeFiles/main.dir/home/dan/raspberry-pi-pico/pico/pico-sdk/src/common/pico_time/time.c.obj
                0x00000000100029d4                alarm_pool_add_alarm_at
 .text.alarm_pool_cancel_alarm
                0x0000000010002b3c       0xf8 CMakeFiles/main.dir/home/dan/raspberry-pi-pico/pico/pico-sdk/src/common/pico_time/time.c.obj
                0x0000000010002b3c                alarm_pool_cancel_alarm
 .text.alarm_pool_core_num
                0x0000000010002c34        0x4 CMakeFiles/main.dir/home/dan/raspberry-pi-pico/pico/pico-sdk/src/common/pico_time/time.c.obj
                0x0000000010002c34                alarm_pool_core_num
 .text.sleep_until
                0x0000000010002c38       0xfc CMakeFiles/main.dir/home/dan/raspberry-pi-pico/pico/pico-sdk/src/common/pico_time/time.c.obj
                0x0000000010002c38                sleep_until
 .text.sleep_us
                0x0000000010002d34       0x58 CMakeFiles/main.dir/home/dan/raspberry-pi-pico/pico/pico-sdk/src/common/pico_time/time.c.obj
                0x0000000010002d34                sleep_us
 .text.sleep_ms
                0x0000000010002d8c       0x14 CMakeFiles/main.dir/home/dan/raspberry-pi-pico/pico/pico-sdk/src/common/pico_time/time.c.obj
                0x0000000010002d8c                sleep_ms
 .text.best_effort_wfe_or_timeout
                0x0000000010002da0       0xac CMakeFiles/main.dir/home/dan/raspberry-pi-pico/pico/pico-sdk/src/common/pico_time/time.c.obj
                0x0000000010002da0                best_effort_wfe_or_timeout
 .text.hardware_alarm_irq_handler
                0x0000000010002e4c       0x90 CMakeFiles/main.dir/home/dan/raspberry-pi-pico/pico/pico-sdk/src/rp2_common/hardware_timer/timer.c.obj
 .text.hardware_alarm_claim
                0x0000000010002edc       0x18 CMakeFiles/main.dir/home/dan/raspberry-pi-pico/pico/pico-sdk/src/rp2_common/hardware_timer/timer.c.obj
                0x0000000010002edc                hardware_alarm_claim
 .text.time_us_64
                0x0000000010002ef4       0x18 CMakeFiles/main.dir/home/dan/raspberry-pi-pico/pico/pico-sdk/src/rp2_common/hardware_timer/timer.c.obj
                0x0000000010002ef4                time_us_64
 .text.busy_wait_until
                0x0000000010002f0c       0x24 CMakeFiles/main.dir/home/dan/raspberry-pi-pico/pico/pico-sdk/src/rp2_common/hardware_timer/timer.c.obj
                0x0000000010002f0c                busy_wait_until
 .text.hardware_alarm_set_callback
                0x0000000010002f30       0x90 CMakeFiles/main.dir/home/dan/raspberry-pi-pico/pico/pico-sdk/src/rp2_common/hardware_timer/timer.c.obj
                0x0000000010002f30                hardware_alarm_set_callback
 .text.hardware_alarm_set_target
                0x0000000010002fc0       0xe8 CMakeFiles/main.dir/home/dan/raspberry-pi-pico/pico/pico-sdk/src/rp2_common/hardware_timer/timer.c.obj
                0x0000000010002fc0                hardware_alarm_set_target
 .text.hardware_alarm_cancel
                0x00000000100030a8       0x40 CMakeFiles/main.dir/home/dan/raspberry-pi-pico/pico/pico-sdk/src/rp2_common/hardware_timer/timer.c.obj
                0x00000000100030a8                hardware_alarm_cancel
 .text.ph_add_child_node
                0x00000000100030e8       0xa4 CMakeFiles/main.dir/home/dan/raspberry-pi-pico/pico/pico-sdk/src/common/pico_util/pheap.c.obj
 .text.ph_merge_nodes
                0x000000001000318c       0x3e CMakeFiles/main.dir/home/dan/raspberry-pi-pico/pico/pico-sdk/src/common/pico_util/pheap.c.obj
 *fill*         0x00000000100031ca        0x2 
 .text.ph_clear
                0x00000000100031cc       0x70 CMakeFiles/main.dir/home/dan/raspberry-pi-pico/pico/pico-sdk/src/common/pico_util/pheap.c.obj
                0x00000000100031cc                ph_clear
 .text.ph_post_alloc_init
                0x000000001000323c        0xe CMakeFiles/main.dir/home/dan/raspberry-pi-pico/pico/pico-sdk/src/common/pico_util/pheap.c.obj
                0x000000001000323c                ph_post_alloc_init
 *fill*         0x000000001000324a        0x2 
 .text.ph_merge_two_pass
                0x000000001000324c       0xa8 CMakeFiles/main.dir/home/dan/raspberry-pi-pico/pico/pico-sdk/src/common/pico_util/pheap.c.obj
                0x000000001000324c                ph_merge_two_pass
 .text.ph_remove_any_head
                0x00000000100032f4      0x128 CMakeFiles/main.dir/home/dan/raspberry-pi-pico/pico/pico-sdk/src/common/pico_util/pheap.c.obj
 .text.ph_remove_head
                0x000000001000341c       0x14 CMakeFiles/main.dir/home/dan/raspberry-pi-pico/pico/pico-sdk/src/common/pico_util/pheap.c.obj
                0x000000001000341c                ph_remove_head
 .text.ph_remove_and_free_node
                0x0000000010003430       0xf8 CMakeFiles/main.dir/home/dan/raspberry-pi-pico/pico/pico-sdk/src/common/pico_util/pheap.c.obj
                0x0000000010003430                ph_remove_and_free_node
 .text.clock_configure
                0x0000000010003528      0x108 CMakeFiles/main.dir/home/dan/raspberry-pi-pico/pico/pico-sdk/src/rp2_common/hardware_clocks/clocks.c.obj
                0x0000000010003528                clock_configure
 .text.clocks_init
                0x0000000010003630      0x100 CMakeFiles/main.dir/home/dan/raspberry-pi-pico/pico/pico-sdk/src/rp2_common/hardware_clocks/clocks.c.obj
                0x0000000010003630                clocks_init
 .text.clock_get_hz
                0x0000000010003730        0xc CMakeFiles/main.dir/home/dan/raspberry-pi-pico/pico/pico-sdk/src/rp2_common/hardware_clocks/clocks.c.obj
                0x0000000010003730                clock_get_hz
 .text.pll_init
                0x000000001000373c      0x124 CMakeFiles/main.dir/home/dan/raspberry-pi-pico/pico/pico-sdk/src/rp2_common/hardware_pll/pll.c.obj
                0x000000001000373c                pll_init
 .text.watchdog_start_tick
                0x0000000010003860       0x10 CMakeFiles/main.dir/home/dan/raspberry-pi-pico/pico/pico-sdk/src/rp2_common/hardware_watchdog/watchdog.c.obj
                0x0000000010003860                watchdog_start_tick
 .text.watchdog_update
                0x0000000010003870       0x14 CMakeFiles/main.dir/home/dan/raspberry-pi-pico/pico/pico-sdk/src/rp2_common/hardware_watchdog/watchdog.c.obj
                0x0000000010003870                watchdog_update
 .text._watchdog_enable
                0x0000000010003884       0x78 CMakeFiles/main.dir/home/dan/raspberry-pi-pico/pico/pico-sdk/src/rp2_common/hardware_watchdog/watchdog.c.obj
                0x0000000010003884                _watchdog_enable
 .text.watchdog_reboot
                0x00000000100038fc       0x48 CMakeFiles/main.dir/home/dan/raspberry-pi-pico/pico/pico-sdk/src/rp2_common/hardware_watchdog/watchdog.c.obj
                0x00000000100038fc                watchdog_reboot
 .text.xosc_init
                0x0000000010003944       0x28 CMakeFiles/main.dir/home/dan/raspberry-pi-pico/pico/pico-sdk/src/rp2_common/hardware_xosc/xosc.c.obj
                0x0000000010003944                xosc_init
 .text._exit    0x000000001000396c        0x4 CMakeFiles/main.dir/home/dan/raspberry-pi-pico/pico/pico-sdk/src/rp2_common/pico_runtime/runtime.c.obj
                0x000000001000396c                _exit
 .text.exit     0x0000000010003970        0x6 CMakeFiles/main.dir/home/dan/raspberry-pi-pico/pico/pico-sdk/src/rp2_common/pico_runtime/runtime.c.obj
                0x0000000010003970                exit
 *fill*         0x0000000010003976        0x2 
 .text.__assert_func
                0x0000000010003978       0x3c CMakeFiles/main.dir/home/dan/raspberry-pi-pico/pico/pico-sdk/src/rp2_common/pico_runtime/runtime.c.obj
                0x0000000010003978                __assert_func
 .text.runtime_init
                0x00000000100039b4       0xf8 CMakeFiles/main.dir/home/dan/raspberry-pi-pico/pico/pico-sdk/src/rp2_common/pico_runtime/runtime.c.obj
                0x00000000100039b4                runtime_init
 .text.panic    0x0000000010003aac       0x30 CMakeFiles/main.dir/home/dan/raspberry-pi-pico/pico/pico-sdk/src/rp2_common/pico_runtime/runtime.c.obj
                0x0000000010003aac                panic
 .text._out_null
                0x0000000010003adc        0x2 CMakeFiles/main.dir/home/dan/raspberry-pi-pico/pico/pico-sdk/src/rp2_common/pico_printf/printf.c.obj
 .text._out_fct
                0x0000000010003ade        0xe CMakeFiles/main.dir/home/dan/raspberry-pi-pico/pico/pico-sdk/src/rp2_common/pico_printf/printf.c.obj
 .text._atoi    0x0000000010003aec       0x24 CMakeFiles/main.dir/home/dan/raspberry-pi-pico/pico/pico-sdk/src/rp2_common/pico_printf/printf.c.obj
 .text._out_rev
                0x0000000010003b10       0xae CMakeFiles/main.dir/home/dan/raspberry-pi-pico/pico/pico-sdk/src/rp2_common/pico_printf/printf.c.obj
 .text._ntoa_format
                0x0000000010003bbe      0x110 CMakeFiles/main.dir/home/dan/raspberry-pi-pico/pico/pico-sdk/src/rp2_common/pico_printf/printf.c.obj
 .text._ntoa_long
                0x0000000010003cce       0xbc CMakeFiles/main.dir/home/dan/raspberry-pi-pico/pico/pico-sdk/src/rp2_common/pico_printf/printf.c.obj
 .text._ntoa_long_long
                0x0000000010003d8a       0xe2 CMakeFiles/main.dir/home/dan/raspberry-pi-pico/pico/pico-sdk/src/rp2_common/pico_printf/printf.c.obj
 .text._etoa    0x0000000010003e6c      0x40c CMakeFiles/main.dir/home/dan/raspberry-pi-pico/pico/pico-sdk/src/rp2_common/pico_printf/printf.c.obj
 .text._ftoa    0x0000000010004278      0x354 CMakeFiles/main.dir/home/dan/raspberry-pi-pico/pico/pico-sdk/src/rp2_common/pico_printf/printf.c.obj
 .text._vsnprintf
                0x00000000100045cc      0x628 CMakeFiles/main.dir/home/dan/raspberry-pi-pico/pico/pico-sdk/src/rp2_common/pico_printf/printf.c.obj
 .text.vfctprintf
                0x0000000010004bf4       0x20 CMakeFiles/main.dir/home/dan/raspberry-pi-pico/pico/pico-sdk/src/rp2_common/pico_printf/printf.c.obj
                0x0000000010004bf4                vfctprintf
 .text          0x0000000010004c14       0x10 CMakeFiles/main.dir/home/dan/raspberry-pi-pico/pico/pico-sdk/src/rp2_common/pico_bit_ops/bit_ops_aeabi.S.obj
 .text.rom_func_lookup
                0x0000000010004c24       0x10 CMakeFiles/main.dir/home/dan/raspberry-pi-pico/pico/pico-sdk/src/rp2_common/pico_bootrom/bootrom.c.obj
                0x0000000010004c24                rom_func_lookup
 .text.rom_data_lookup
                0x0000000010004c34       0x10 CMakeFiles/main.dir/home/dan/raspberry-pi-pico/pico/pico-sdk/src/rp2_common/pico_bootrom/bootrom.c.obj
                0x0000000010004c34                rom_data_lookup
 .text.rom_funcs_lookup
                0x0000000010004c44       0x36 CMakeFiles/main.dir/home/dan/raspberry-pi-pico/pico/pico-sdk/src/rp2_common/pico_bootrom/bootrom.c.obj
                0x0000000010004c44                rom_funcs_lookup
 *fill*         0x0000000010004c7a        0x2 
 .text.__wrap___aeabi_idiv
                0x0000000010004c7c       0x50 CMakeFiles/main.dir/home/dan/raspberry-pi-pico/pico/pico-sdk/src/rp2_common/pico_divider/divider.S.obj
                0x0000000010004c7c                __wrap___aeabi_idivmod
                0x0000000010004c7c                divmod_s32s32
                0x0000000010004c7c                div_s32s32
                0x0000000010004c7c                __wrap___aeabi_idiv
                0x0000000010004c84                divmod_s32s32_unsafe
                0x0000000010004cb0                divmod_s32s32_savestate
 .text.__wrap___aeabi_uidiv
                0x0000000010004ccc       0x4c CMakeFiles/main.dir/home/dan/raspberry-pi-pico/pico/pico-sdk/src/rp2_common/pico_divider/divider.S.obj
                0x0000000010004ccc                __wrap___aeabi_uidiv
                0x0000000010004ccc                __wrap___aeabi_uidivmod
                0x0000000010004ccc                div_u32u32
                0x0000000010004ccc                divmod_u32u32
                0x0000000010004cd4                divmod_u32u32_unsafe
                0x0000000010004cfc                divmod_u32u32_savestate
 .text.__wrap___aeabi_ldiv
                0x0000000010004d18      0x424 CMakeFiles/main.dir/home/dan/raspberry-pi-pico/pico/pico-sdk/src/rp2_common/pico_divider/divider.S.obj
                0x0000000010004d18                div_s64s64
                0x0000000010004d18                divmod_s64s64
                0x0000000010004d18                __wrap___aeabi_ldivmod
                0x0000000010004d48                div_u64u64
                0x0000000010004d48                divmod_u64u64
                0x0000000010004d48                __wrap___aeabi_uldivmod
                0x0000000010004d58                divmod_u64u64_savestate
                0x0000000010004d78                divmod_s64s64_unsafe
                0x0000000010004e00                divmod_u64u64_unsafe
 .text.push_r8_r11
                0x000000001000513c        0xc CMakeFiles/main.dir/home/dan/raspberry-pi-pico/pico/pico-sdk/src/rp2_common/pico_double/double_aeabi.S.obj
                0x000000001000513c                push_r8_r11
 .text.pop_r8_r11
                0x0000000010005148        0xc CMakeFiles/main.dir/home/dan/raspberry-pi-pico/pico/pico-sdk/src/rp2_common/pico_double/double_aeabi.S.obj
                0x0000000010005148                pop_r8_r11
 .text.__wrap___aeabi_darithmetic
                0x0000000010005154       0x80 CMakeFiles/main.dir/home/dan/raspberry-pi-pico/pico/pico-sdk/src/rp2_common/pico_double/double_aeabi.S.obj
                0x0000000010005154                __wrap___aeabi_drsub
                0x000000001000515a                __wrap___aeabi_dsub
                0x000000001000516c                __wrap___aeabi_dadd
                0x000000001000517e                __wrap___aeabi_ddiv
                0x00000000100051ba                __wrap___aeabi_dmul
 .text.__wrap___aeabi_cdcmple
                0x00000000100051d4       0x6c CMakeFiles/main.dir/home/dan/raspberry-pi-pico/pico/pico-sdk/src/rp2_common/pico_double/double_aeabi.S.obj
                0x00000000100051d4                __wrap___aeabi_cdrcmple
                0x00000000100051e4                __wrap___aeabi_cdcmple
                0x00000000100051e4                __wrap___aeabi_cdcmpeq
 .text.__wrap___aeabi_dcmplt
                0x0000000010005240        0xc CMakeFiles/main.dir/home/dan/raspberry-pi-pico/pico/pico-sdk/src/rp2_common/pico_double/double_aeabi.S.obj
                0x0000000010005240                __wrap___aeabi_dcmplt
 .text.__wrap___aeabi_dcmple
                0x000000001000524c       0x10 CMakeFiles/main.dir/home/dan/raspberry-pi-pico/pico/pico-sdk/src/rp2_common/pico_double/double_aeabi.S.obj
                0x000000001000524c                __wrap___aeabi_dcmple
 .text.__wrap___aeabi_dcmpge
                0x000000001000525c       0x10 CMakeFiles/main.dir/home/dan/raspberry-pi-pico/pico/pico-sdk/src/rp2_common/pico_double/double_aeabi.S.obj
                0x000000001000525c                __wrap___aeabi_dcmpge
 .text.__wrap___aeabi_dcmpgt
                0x000000001000526c        0xa CMakeFiles/main.dir/home/dan/raspberry-pi-pico/pico/pico-sdk/src/rp2_common/pico_double/double_aeabi.S.obj
                0x000000001000526c                __wrap___aeabi_dcmpgt
 .text.__wrap___aeabi_dcmpun
                0x0000000010005276       0x1c CMakeFiles/main.dir/home/dan/raspberry-pi-pico/pico/pico-sdk/src/rp2_common/pico_double/double_aeabi.S.obj
                0x0000000010005276                __wrap___aeabi_dcmpun
 *fill*         0x0000000010005292        0x2 
 .text.__wrap___aeabi_i2d
                0x0000000010005294       0x38 CMakeFiles/main.dir/home/dan/raspberry-pi-pico/pico/pico-sdk/src/rp2_common/pico_double/double_aeabi.S.obj
                0x0000000010005294                __wrap___aeabi_ui2d
                0x000000001000529c                __wrap___aeabi_i2d
 .text.__wrap___aeabi_d2iz
                0x00000000100052cc       0x48 CMakeFiles/main.dir/home/dan/raspberry-pi-pico/pico/pico-sdk/src/rp2_common/pico_double/double_aeabi.S.obj
                0x00000000100052cc                __wrap___aeabi_d2iz
                0x00000000100052cc                double2int_z
 .text.__wrap___aeabi_d2uiz
                0x0000000010005314       0x18 CMakeFiles/main.dir/home/dan/raspberry-pi-pico/pico/pico-sdk/src/rp2_common/pico_double/double_aeabi.S.obj
                0x0000000010005314                double2uint
                0x0000000010005314                __wrap___aeabi_d2uiz
 .text.fix642double
                0x000000001000532c       0x18 CMakeFiles/main.dir/home/dan/raspberry-pi-pico/pico/pico-sdk/src/rp2_common/pico_double/double_aeabi.S.obj
                0x000000001000532c                fix642double
 .text.__wrap_srqt
                0x0000000010005344       0x18 CMakeFiles/main.dir/home/dan/raspberry-pi-pico/pico/pico-sdk/src/rp2_common/pico_double/double_aeabi.S.obj
                0x0000000010005344                __wrap_sqrt
 .text.__wrap_sincostan_remainder
                0x000000001000535c       0x14 CMakeFiles/main.dir/home/dan/raspberry-pi-pico/pico/pico-sdk/src/rp2_common/pico_double/double_aeabi.S.obj
                0x000000001000535c                sincostan_remainder
 .text.__wrap_cos
                0x0000000010005370       0x2c CMakeFiles/main.dir/home/dan/raspberry-pi-pico/pico/pico-sdk/src/rp2_common/pico_double/double_aeabi.S.obj
                0x0000000010005370                __wrap_cos
 .text.__wrap_sin
                0x000000001000539c       0x2c CMakeFiles/main.dir/home/dan/raspberry-pi-pico/pico/pico-sdk/src/rp2_common/pico_double/double_aeabi.S.obj
                0x000000001000539c                __wrap_sin
 .text.__aeabi_double_init
                0x00000000100053c8       0xc8 CMakeFiles/main.dir/home/dan/raspberry-pi-pico/pico/pico-sdk/src/rp2_common/pico_double/double_init_rom.c.obj
                0x00000000100053c8                __aeabi_double_init
 .text.drem_0   0x0000000010005490      0x130 CMakeFiles/main.dir/home/dan/raspberry-pi-pico/pico/pico-sdk/src/rp2_common/pico_double/double_math.c.obj
 .text.__wrap_remquo
                0x00000000100055c0      0x16c CMakeFiles/main.dir/home/dan/raspberry-pi-pico/pico/pico-sdk/src/rp2_common/pico_double/double_math.c.obj
                0x00000000100055c0                __wrap_remquo
 .text.__wrap_remainder
                0x000000001000572c       0x10 CMakeFiles/main.dir/home/dan/raspberry-pi-pico/pico/pico-sdk/src/rp2_common/pico_double/double_math.c.obj
                0x000000001000572c                __wrap_remainder
 .text.double_table_shim_on_use_helper
                0x000000001000573c       0x34 CMakeFiles/main.dir/home/dan/raspberry-pi-pico/pico/pico-sdk/src/rp2_common/pico_double/double_v1_rom_shim.S.obj
                0x000000001000573c                double_table_shim_on_use_helper
 .text.__wrap___aeabi_dsub
                0x0000000010005770       0x10 CMakeFiles/main.dir/home/dan/raspberry-pi-pico/pico/pico-sdk/src/rp2_common/pico_double/double_v1_rom_shim.S.obj
                0x0000000010005770                drsub_shim
                0x0000000010005776                dsub_shim
 .text.dadd_shim
                0x0000000010005780      0x15c CMakeFiles/main.dir/home/dan/raspberry-pi-pico/pico/pico-sdk/src/rp2_common/pico_double/double_v1_rom_shim.S.obj
                0x0000000010005780                dadd_shim
 .text.dmul_shim
                0x00000000100058dc      0x15c CMakeFiles/main.dir/home/dan/raspberry-pi-pico/pico/pico-sdk/src/rp2_common/pico_double/double_v1_rom_shim.S.obj
                0x00000000100058dc                dmul_shim
 .text.ddiv_shim
                0x0000000010005a38      0x1b0 CMakeFiles/main.dir/home/dan/raspberry-pi-pico/pico/pico-sdk/src/rp2_common/pico_double/double_v1_rom_shim.S.obj
                0x0000000010005a38                ddiv_shim
 .text.dsqrt_shim
                0x0000000010005be8      0x1a8 CMakeFiles/main.dir/home/dan/raspberry-pi-pico/pico/pico-sdk/src/rp2_common/pico_double/double_v1_rom_shim.S.obj
                0x0000000010005c04                dsqrt_shim
 .text.dcordic_vec_step
                0x0000000010005d90        0xe CMakeFiles/main.dir/home/dan/raspberry-pi-pico/pico/pico-sdk/src/rp2_common/pico_double/double_v1_rom_shim.S.obj
                0x0000000010005d90                dcordic_vec_step
 .text.dcordic_rot_step
                0x0000000010005d9e       0x76 CMakeFiles/main.dir/home/dan/raspberry-pi-pico/pico/pico-sdk/src/rp2_common/pico_double/double_v1_rom_shim.S.obj
                0x0000000010005d9e                dcordic_rot_step
 .text.double2uint_shim
                0x0000000010005e14        0xe CMakeFiles/main.dir/home/dan/raspberry-pi-pico/pico/pico-sdk/src/rp2_common/pico_double/double_v1_rom_shim.S.obj
                0x0000000010005e14                double2uint_shim
                0x0000000010005e16                double2ufix_shim
 .text.double2int64_shim
                0x0000000010005e22       0x1a CMakeFiles/main.dir/home/dan/raspberry-pi-pico/pico/pico-sdk/src/rp2_common/pico_double/double_v1_rom_shim.S.obj
                0x0000000010005e22                double2int64_shim
                0x0000000010005e24                double2fix64_shim
 .text.double2uint64_shim
                0x0000000010005e3c       0x70 CMakeFiles/main.dir/home/dan/raspberry-pi-pico/pico/pico-sdk/src/rp2_common/pico_double/double_v1_rom_shim.S.obj
                0x0000000010005e3c                double2uint64_shim
                0x0000000010005e3e                double2ufix64_shim
                0x0000000010005e5e                d2fix_a
 .text.x2double_shims
                0x0000000010005eac       0x90 CMakeFiles/main.dir/home/dan/raspberry-pi-pico/pico/pico-sdk/src/rp2_common/pico_double/double_v1_rom_shim.S.obj
                0x0000000010005eac                uint2double_shim
                0x0000000010005eae                ufix2double_shim
                0x0000000010005eb4                int2double_shim
                0x0000000010005eb6                fix2double_shim
                0x0000000010005ebc                uint642double_shim
                0x0000000010005ebe                ufix642double_shim
                0x0000000010005ec4                int642double_shim
                0x0000000010005ec6                fix642double_shim
 .text.dunpacks
                0x0000000010005f3c       0x3c CMakeFiles/main.dir/home/dan/raspberry-pi-pico/pico/pico-sdk/src/rp2_common/pico_double/double_v1_rom_shim.S.obj
                0x0000000010005f3c                dunpacks
 .text.dreduce  0x0000000010005f78       0x82 CMakeFiles/main.dir/home/dan/raspberry-pi-pico/pico/pico-sdk/src/rp2_common/pico_double/double_v1_rom_shim.S.obj
                0x0000000010005f78                dreduce
 .text.dcos_shim
                0x0000000010005ffa       0x10 CMakeFiles/main.dir/home/dan/raspberry-pi-pico/pico/pico-sdk/src/rp2_common/pico_double/double_v1_rom_shim.S.obj
                0x0000000010005ffa                dcos_shim
 .text.dsin_shim
                0x000000001000600a       0x14 CMakeFiles/main.dir/home/dan/raspberry-pi-pico/pico/pico-sdk/src/rp2_common/pico_double/double_v1_rom_shim.S.obj
                0x000000001000600a                dsin_shim
 *fill*         0x000000001000601e        0x2 
 .text.dtrig_guts
                0x0000000010006020      0x2ec CMakeFiles/main.dir/home/dan/raspberry-pi-pico/pico/pico-sdk/src/rp2_common/pico_double/double_v1_rom_shim.S.obj
                0x00000000100060f8                datan2_shim
 .text.__aeabi_lmul
                0x000000001000630c       0x32 CMakeFiles/main.dir/home/dan/raspberry-pi-pico/pico/pico-sdk/src/rp2_common/pico_int64_ops/pico_int64_ops_aeabi.S.obj
                0x000000001000630c                __wrap___aeabi_lmul
 *fill*         0x000000001000633e        0x2 
 .text.__aeabi_float_init
                0x0000000010006340       0xfc CMakeFiles/main.dir/home/dan/raspberry-pi-pico/pico/pico-sdk/src/rp2_common/pico_float/float_init_rom.c.obj
                0x0000000010006340                __aeabi_float_init
 .text.float_table_shim_on_use_helper
                0x000000001000643c       0x34 CMakeFiles/main.dir/home/dan/raspberry-pi-pico/pico/pico-sdk/src/rp2_common/pico_float/float_v1_rom_shim.S.obj
                0x000000001000643c                float_table_shim_on_use_helper
 .text          0x0000000010006470       0x10 CMakeFiles/main.dir/home/dan/raspberry-pi-pico/pico/pico-sdk/src/rp2_common/pico_mem_ops/mem_ops_aeabi.S.obj
                0x0000000010006470                __aeabi_mem_init
 .text.memset   0x0000000010006480        0xc CMakeFiles/main.dir/home/dan/raspberry-pi-pico/pico/pico-sdk/src/rp2_common/pico_mem_ops/mem_ops_aeabi.S.obj
                0x0000000010006480                __wrap_memset
 .text.memcpy   0x000000001000648c        0xc CMakeFiles/main.dir/home/dan/raspberry-pi-pico/pico/pico-sdk/src/rp2_common/pico_mem_ops/mem_ops_aeabi.S.obj
                0x000000001000648c                __wrap___aeabi_memcpy
                0x000000001000648c                __wrap_memcpy
 .text.stdio_out_chars_no_crlf
                0x0000000010006498        0xe CMakeFiles/main.dir/home/dan/raspberry-pi-pico/pico/pico-sdk/src/rp2_common/pico_stdio/stdio.c.obj
 *fill*         0x00000000100064a6        0x2 
 .text.stdio_out_chars_crlf
                0x00000000100064a8       0x80 CMakeFiles/main.dir/home/dan/raspberry-pi-pico/pico/pico-sdk/src/rp2_common/pico_stdio/stdio.c.obj
 .text.stdio_stack_buffer_flush
                0x0000000010006528       0x44 CMakeFiles/main.dir/home/dan/raspberry-pi-pico/pico/pico-sdk/src/rp2_common/pico_stdio/stdio.c.obj
 .text.stdio_buffered_printer
                0x000000001000656c       0x20 CMakeFiles/main.dir/home/dan/raspberry-pi-pico/pico/pico-sdk/src/rp2_common/pico_stdio/stdio.c.obj
 .text.stdout_serialize_begin
                0x000000001000658c       0x5c CMakeFiles/main.dir/home/dan/raspberry-pi-pico/pico/pico-sdk/src/rp2_common/pico_stdio/stdio.c.obj
                0x000000001000658c                stdout_serialize_begin
 .text.stdout_serialize_end
                0x00000000100065e8       0x10 CMakeFiles/main.dir/home/dan/raspberry-pi-pico/pico/pico-sdk/src/rp2_common/pico_stdio/stdio.c.obj
                0x00000000100065e8                stdout_serialize_end
 .text.stdio_put_string
                0x00000000100065f8       0x98 CMakeFiles/main.dir/home/dan/raspberry-pi-pico/pico/pico-sdk/src/rp2_common/pico_stdio/stdio.c.obj
 .text.stdio_set_driver_enabled
                0x0000000010006690       0x2c CMakeFiles/main.dir/home/dan/raspberry-pi-pico/pico/pico-sdk/src/rp2_common/pico_stdio/stdio.c.obj
                0x0000000010006690                stdio_set_driver_enabled
 .text.stdio_flush
                0x00000000100066bc       0x20 CMakeFiles/main.dir/home/dan/raspberry-pi-pico/pico/pico-sdk/src/rp2_common/pico_stdio/stdio.c.obj
                0x00000000100066bc                stdio_flush
 .text.__wrap_puts
                0x00000000100066dc       0x1e CMakeFiles/main.dir/home/dan/raspberry-pi-pico/pico/pico-sdk/src/rp2_common/pico_stdio/stdio.c.obj
                0x00000000100066dc                __wrap_puts
 *fill*         0x00000000100066fa        0x2 
 .text.__wrap_vprintf
                0x00000000100066fc       0x40 CMakeFiles/main.dir/home/dan/raspberry-pi-pico/pico/pico-sdk/src/rp2_common/pico_stdio/stdio.c.obj
                0x00000000100066fc                __wrap_vprintf
 .text.__wrap_printf
                0x000000001000673c       0x18 CMakeFiles/main.dir/home/dan/raspberry-pi-pico/pico/pico-sdk/src/rp2_common/pico_stdio/stdio.c.obj
                0x000000001000673c                __wrap_printf
 .text.stdio_init_all
                0x0000000010006754        0x8 CMakeFiles/main.dir/home/dan/raspberry-pi-pico/pico/pico-sdk/src/rp2_common/pico_stdio/stdio.c.obj
                0x0000000010006754                stdio_init_all
 .text.resetd_init
                0x000000001000675c        0x2 CMakeFiles/main.dir/home/dan/raspberry-pi-pico/pico/pico-sdk/src/rp2_common/pico_stdio_usb/reset_interface.c.obj
 *fill*         0x000000001000675e        0x2 
 .text.resetd_reset
                0x0000000010006760        0xc CMakeFiles/main.dir/home/dan/raspberry-pi-pico/pico/pico-sdk/src/rp2_common/pico_stdio_usb/reset_interface.c.obj
 .text.resetd_open
                0x000000001000676c       0x34 CMakeFiles/main.dir/home/dan/raspberry-pi-pico/pico/pico-sdk/src/rp2_common/pico_stdio_usb/reset_interface.c.obj
 .text.resetd_xfer_cb
                0x00000000100067a0        0x4 CMakeFiles/main.dir/home/dan/raspberry-pi-pico/pico/pico-sdk/src/rp2_common/pico_stdio_usb/reset_interface.c.obj
 .text.resetd_control_xfer_cb
                0x00000000100067a4       0x6c CMakeFiles/main.dir/home/dan/raspberry-pi-pico/pico/pico-sdk/src/rp2_common/pico_stdio_usb/reset_interface.c.obj
 .text.usbd_app_driver_get_cb
                0x0000000010006810        0xc CMakeFiles/main.dir/home/dan/raspberry-pi-pico/pico/pico-sdk/src/rp2_common/pico_stdio_usb/reset_interface.c.obj
                0x0000000010006810                usbd_app_driver_get_cb
 .text.tud_cdc_line_coding_cb
                0x000000001000681c       0x34 CMakeFiles/main.dir/home/dan/raspberry-pi-pico/pico/pico-sdk/src/rp2_common/pico_stdio_usb/reset_interface.c.obj
                0x000000001000681c                tud_cdc_line_coding_cb
 .text.stdio_usb_set_chars_available_callback
                0x0000000010006850       0x14 CMakeFiles/main.dir/home/dan/raspberry-pi-pico/pico/pico-sdk/src/rp2_common/pico_stdio_usb/stdio_usb.c.obj
                0x0000000010006850                stdio_usb_set_chars_available_callback
 .text.usb_irq  0x0000000010006864       0x10 CMakeFiles/main.dir/home/dan/raspberry-pi-pico/pico/pico-sdk/src/rp2_common/pico_stdio_usb/stdio_usb.c.obj
 .text.timer_task
                0x0000000010006874       0x58 CMakeFiles/main.dir/home/dan/raspberry-pi-pico/pico/pico-sdk/src/rp2_common/pico_stdio_usb/stdio_usb.c.obj
 .text.low_priority_worker_irq
                0x00000000100068cc       0xd8 CMakeFiles/main.dir/home/dan/raspberry-pi-pico/pico/pico-sdk/src/rp2_common/pico_stdio_usb/stdio_usb.c.obj
 .text.tud_cdc_rx_cb
                0x00000000100069a4       0x20 CMakeFiles/main.dir/home/dan/raspberry-pi-pico/pico/pico-sdk/src/rp2_common/pico_stdio_usb/stdio_usb.c.obj
                0x00000000100069a4                tud_cdc_rx_cb
 .text.stdio_usb_init
                0x00000000100069c4      0x11c CMakeFiles/main.dir/home/dan/raspberry-pi-pico/pico/pico-sdk/src/rp2_common/pico_stdio_usb/stdio_usb.c.obj
                0x00000000100069c4                stdio_usb_init
 .text.stdio_usb_connected
                0x0000000010006ae0        0xa CMakeFiles/main.dir/home/dan/raspberry-pi-pico/pico/pico-sdk/src/rp2_common/pico_stdio_usb/stdio_usb.c.obj
                0x0000000010006ae0                stdio_usb_connected
 *fill*         0x0000000010006aea        0x2 
 .text.stdio_usb_in_chars
                0x0000000010006aec       0xc4 CMakeFiles/main.dir/home/dan/raspberry-pi-pico/pico/pico-sdk/src/rp2_common/pico_stdio_usb/stdio_usb.c.obj
                0x0000000010006aec                stdio_usb_in_chars
 .text.stdio_usb_out_chars
                0x0000000010006bb0      0x114 CMakeFiles/main.dir/home/dan/raspberry-pi-pico/pico/pico-sdk/src/rp2_common/pico_stdio_usb/stdio_usb.c.obj
 .text.tud_descriptor_device_cb
                0x0000000010006cc4        0x8 CMakeFiles/main.dir/home/dan/raspberry-pi-pico/pico/pico-sdk/src/rp2_common/pico_stdio_usb/stdio_usb_descriptors.c.obj
                0x0000000010006cc4                tud_descriptor_device_cb
 .text.tud_descriptor_configuration_cb
                0x0000000010006ccc        0x8 CMakeFiles/main.dir/home/dan/raspberry-pi-pico/pico/pico-sdk/src/rp2_common/pico_stdio_usb/stdio_usb_descriptors.c.obj
                0x0000000010006ccc                tud_descriptor_configuration_cb
 .text.tud_descriptor_string_cb
                0x0000000010006cd4       0x6c CMakeFiles/main.dir/home/dan/raspberry-pi-pico/pico/pico-sdk/src/rp2_common/pico_stdio_usb/stdio_usb_descriptors.c.obj
                0x0000000010006cd4                tud_descriptor_string_cb
 .text._retrieve_unique_id_on_boot
                0x0000000010006d40       0x10 CMakeFiles/main.dir/home/dan/raspberry-pi-pico/pico/pico-sdk/src/rp2_common/pico_unique_id/unique_id.c.obj
 .text.pico_get_unique_board_id_string
                0x0000000010006d50       0x60 CMakeFiles/main.dir/home/dan/raspberry-pi-pico/pico/pico-sdk/src/rp2_common/pico_unique_id/unique_id.c.obj
                0x0000000010006d50                pico_get_unique_board_id_string
 .text.flash_get_unique_id
                0x0000000010006db0       0x46 CMakeFiles/main.dir/home/dan/raspberry-pi-pico/pico/pico-sdk/src/rp2_common/hardware_flash/flash.c.obj
                0x0000000010006db0                flash_get_unique_id
 *fill*         0x0000000010006df6        0x2 
 .text.hw_endpoint_get_by_addr
                0x0000000010006df8       0x18 CMakeFiles/main.dir/home/dan/raspberry-pi-pico/pico/pico-sdk/lib/tinyusb/src/portable/raspberrypi/rp2040/dcd_rp2040.c.obj
 .text._hw_endpoint_alloc
                0x0000000010006e10       0x70 CMakeFiles/main.dir/home/dan/raspberry-pi-pico/pico/pico-sdk/lib/tinyusb/src/portable/raspberrypi/rp2040/dcd_rp2040.c.obj
 .text.hw_endpoint_init
                0x0000000010006e80       0x88 CMakeFiles/main.dir/home/dan/raspberry-pi-pico/pico/pico-sdk/lib/tinyusb/src/portable/raspberrypi/rp2040/dcd_rp2040.c.obj
 .text.hw_endpoint_xfer
                0x0000000010006f08       0x14 CMakeFiles/main.dir/home/dan/raspberry-pi-pico/pico/pico-sdk/lib/tinyusb/src/portable/raspberrypi/rp2040/dcd_rp2040.c.obj
 .text.dcd_int_enable
                0x0000000010006f1c       0x2c CMakeFiles/main.dir/home/dan/raspberry-pi-pico/pico/pico-sdk/lib/tinyusb/src/portable/raspberrypi/rp2040/dcd_rp2040.c.obj
                0x0000000010006f1c                dcd_int_enable
 .text.dcd_set_address
                0x0000000010006f48       0x2c CMakeFiles/main.dir/home/dan/raspberry-pi-pico/pico/pico-sdk/lib/tinyusb/src/portable/raspberrypi/rp2040/dcd_rp2040.c.obj
                0x0000000010006f48                dcd_set_address
 .text.dcd_connect
                0x0000000010006f74       0x10 CMakeFiles/main.dir/home/dan/raspberry-pi-pico/pico/pico-sdk/lib/tinyusb/src/portable/raspberrypi/rp2040/dcd_rp2040.c.obj
                0x0000000010006f74                dcd_connect
 .text.dcd_init
                0x0000000010006f84       0x80 CMakeFiles/main.dir/home/dan/raspberry-pi-pico/pico/pico-sdk/lib/tinyusb/src/portable/raspberrypi/rp2040/dcd_rp2040.c.obj
                0x0000000010006f84                dcd_init
 .text.dcd_edpt0_status_complete
                0x0000000010007004       0x1c CMakeFiles/main.dir/home/dan/raspberry-pi-pico/pico/pico-sdk/lib/tinyusb/src/portable/raspberrypi/rp2040/dcd_rp2040.c.obj
                0x0000000010007004                dcd_edpt0_status_complete
 .text.dcd_edpt_open
                0x0000000010007020       0x40 CMakeFiles/main.dir/home/dan/raspberry-pi-pico/pico/pico-sdk/lib/tinyusb/src/portable/raspberrypi/rp2040/dcd_rp2040.c.obj
                0x0000000010007020                dcd_edpt_open
 .text.dcd_edpt_close_all
                0x0000000010007060        0x8 CMakeFiles/main.dir/home/dan/raspberry-pi-pico/pico/pico-sdk/lib/tinyusb/src/portable/raspberrypi/rp2040/dcd_rp2040.c.obj
                0x0000000010007060                dcd_edpt_close_all
 .text.dcd_edpt_xfer
                0x0000000010007068       0x34 CMakeFiles/main.dir/home/dan/raspberry-pi-pico/pico/pico-sdk/lib/tinyusb/src/portable/raspberrypi/rp2040/dcd_rp2040.c.obj
                0x0000000010007068                dcd_edpt_xfer
 .text.dcd_edpt_stall
                0x000000001000709c       0x2c CMakeFiles/main.dir/home/dan/raspberry-pi-pico/pico/pico-sdk/lib/tinyusb/src/portable/raspberrypi/rp2040/dcd_rp2040.c.obj
                0x000000001000709c                dcd_edpt_stall
 .text.dcd_edpt_clear_stall
                0x00000000100070c8       0x20 CMakeFiles/main.dir/home/dan/raspberry-pi-pico/pico/pico-sdk/lib/tinyusb/src/portable/raspberrypi/rp2040/dcd_rp2040.c.obj
                0x00000000100070c8                dcd_edpt_clear_stall
 .text.rp2040_usb_init
                0x00000000100070e8       0x4c CMakeFiles/main.dir/home/dan/raspberry-pi-pico/pico/pico-sdk/lib/tinyusb/src/portable/raspberrypi/rp2040/rp2040_usb.c.obj
                0x00000000100070e8                rp2040_usb_init
 .text.hw_endpoint_xfer_start
                0x0000000010007134       0x50 CMakeFiles/main.dir/home/dan/raspberry-pi-pico/pico/pico-sdk/lib/tinyusb/src/portable/raspberrypi/rp2040/rp2040_usb.c.obj
                0x0000000010007134                hw_endpoint_xfer_start
 .text.configuration_reset
                0x0000000010007184       0x84 CMakeFiles/main.dir/home/dan/raspberry-pi-pico/pico/pico-sdk/lib/tinyusb/src/device/usbd.c.obj
 .text.usbd_reset
                0x0000000010007208        0xc CMakeFiles/main.dir/home/dan/raspberry-pi-pico/pico/pico-sdk/lib/tinyusb/src/device/usbd.c.obj
 .text.invoke_class_control
                0x0000000010007214       0x1a CMakeFiles/main.dir/home/dan/raspberry-pi-pico/pico/pico-sdk/lib/tinyusb/src/device/usbd.c.obj
 *fill*         0x000000001000722e        0x2 
 .text.process_set_config
                0x0000000010007230      0x174 CMakeFiles/main.dir/home/dan/raspberry-pi-pico/pico/pico-sdk/lib/tinyusb/src/device/usbd.c.obj
 .text.process_get_descriptor
                0x00000000100073a4       0xdc CMakeFiles/main.dir/home/dan/raspberry-pi-pico/pico/pico-sdk/lib/tinyusb/src/device/usbd.c.obj
 .text.tud_mounted
                0x0000000010007480       0x10 CMakeFiles/main.dir/home/dan/raspberry-pi-pico/pico/pico-sdk/lib/tinyusb/src/device/usbd.c.obj
                0x0000000010007480                tud_mounted
 .text.tud_suspended
                0x0000000010007490       0x10 CMakeFiles/main.dir/home/dan/raspberry-pi-pico/pico/pico-sdk/lib/tinyusb/src/device/usbd.c.obj
                0x0000000010007490                tud_suspended
 .text.tud_inited
                0x00000000100074a0       0x14 CMakeFiles/main.dir/home/dan/raspberry-pi-pico/pico/pico-sdk/lib/tinyusb/src/device/usbd.c.obj
                0x00000000100074a0                tud_inited
 .text.tud_init
                0x00000000100074b4       0xcc CMakeFiles/main.dir/home/dan/raspberry-pi-pico/pico/pico-sdk/lib/tinyusb/src/device/usbd.c.obj
                0x00000000100074b4                tud_init
 .text.usbd_defer_func
                0x0000000010007580       0x1e CMakeFiles/main.dir/home/dan/raspberry-pi-pico/pico/pico-sdk/lib/tinyusb/src/device/usbd.c.obj
                0x0000000010007580                usbd_defer_func
 *fill*         0x000000001000759e        0x2 
 .text.usbd_edpt_open
                0x00000000100075a0       0x34 CMakeFiles/main.dir/home/dan/raspberry-pi-pico/pico/pico-sdk/lib/tinyusb/src/device/usbd.c.obj
                0x00000000100075a0                usbd_edpt_open
 .text.usbd_open_edpt_pair
                0x00000000100075d4       0x62 CMakeFiles/main.dir/home/dan/raspberry-pi-pico/pico/pico-sdk/lib/tinyusb/src/device/usbd.c.obj
                0x00000000100075d4                usbd_open_edpt_pair
 *fill*         0x0000000010007636        0x2 
 .text.usbd_edpt_claim
                0x0000000010007638       0x28 CMakeFiles/main.dir/home/dan/raspberry-pi-pico/pico/pico-sdk/lib/tinyusb/src/device/usbd.c.obj
                0x0000000010007638                usbd_edpt_claim
 .text.usbd_edpt_release
                0x0000000010007660       0x28 CMakeFiles/main.dir/home/dan/raspberry-pi-pico/pico/pico-sdk/lib/tinyusb/src/device/usbd.c.obj
                0x0000000010007660                usbd_edpt_release
 .text.usbd_edpt_xfer
                0x0000000010007688       0x78 CMakeFiles/main.dir/home/dan/raspberry-pi-pico/pico/pico-sdk/lib/tinyusb/src/device/usbd.c.obj
                0x0000000010007688                usbd_edpt_xfer
 .text.usbd_edpt_stall
                0x0000000010007700       0x48 CMakeFiles/main.dir/home/dan/raspberry-pi-pico/pico/pico-sdk/lib/tinyusb/src/device/usbd.c.obj
                0x0000000010007700                usbd_edpt_stall
 .text.usbd_edpt_clear_stall
                0x0000000010007748       0x48 CMakeFiles/main.dir/home/dan/raspberry-pi-pico/pico/pico-sdk/lib/tinyusb/src/device/usbd.c.obj
                0x0000000010007748                usbd_edpt_clear_stall
 .text.usbd_edpt_stalled
                0x0000000010007790       0x1c CMakeFiles/main.dir/home/dan/raspberry-pi-pico/pico/pico-sdk/lib/tinyusb/src/device/usbd.c.obj
                0x0000000010007790                usbd_edpt_stalled
 .text.process_control_request
                0x00000000100077ac      0x37c CMakeFiles/main.dir/home/dan/raspberry-pi-pico/pico/pico-sdk/lib/tinyusb/src/device/usbd.c.obj
 .text.tud_task_ext
                0x0000000010007b28      0x1b4 CMakeFiles/main.dir/home/dan/raspberry-pi-pico/pico/pico-sdk/lib/tinyusb/src/device/usbd.c.obj
                0x0000000010007b28                tud_task_ext
 .text._data_stage_xact
                0x0000000010007cdc       0x58 CMakeFiles/main.dir/home/dan/raspberry-pi-pico/pico/pico-sdk/lib/tinyusb/src/device/usbd_control.c.obj
 .text.tud_control_status
                0x0000000010007d34       0x38 CMakeFiles/main.dir/home/dan/raspberry-pi-pico/pico/pico-sdk/lib/tinyusb/src/device/usbd_control.c.obj
                0x0000000010007d34                tud_control_status
 .text.tud_control_xfer
                0x0000000010007d6c       0x74 CMakeFiles/main.dir/home/dan/raspberry-pi-pico/pico/pico-sdk/lib/tinyusb/src/device/usbd_control.c.obj
                0x0000000010007d6c                tud_control_xfer
 .text.usbd_control_reset
                0x0000000010007de0       0x14 CMakeFiles/main.dir/home/dan/raspberry-pi-pico/pico/pico-sdk/lib/tinyusb/src/device/usbd_control.c.obj
                0x0000000010007de0                usbd_control_reset
 .text.usbd_control_set_complete_callback
                0x0000000010007df4        0xc CMakeFiles/main.dir/home/dan/raspberry-pi-pico/pico/pico-sdk/lib/tinyusb/src/device/usbd_control.c.obj
                0x0000000010007df4                usbd_control_set_complete_callback
 .text.usbd_control_set_request
                0x0000000010007e00       0x1c CMakeFiles/main.dir/home/dan/raspberry-pi-pico/pico/pico-sdk/lib/tinyusb/src/device/usbd_control.c.obj
                0x0000000010007e00                usbd_control_set_request
 .text.usbd_control_xfer_cb
                0x0000000010007e1c       0xcc CMakeFiles/main.dir/home/dan/raspberry-pi-pico/pico/pico-sdk/lib/tinyusb/src/device/usbd_control.c.obj
                0x0000000010007e1c                usbd_control_xfer_cb
 .text._prep_out_transaction
                0x0000000010007ee8       0x4a CMakeFiles/main.dir/home/dan/raspberry-pi-pico/pico/pico-sdk/lib/tinyusb/src/class/cdc/cdc_device.c.obj
 *fill*         0x0000000010007f32        0x2 
 .text.tud_cdc_n_connected
                0x0000000010007f34       0x44 CMakeFiles/main.dir/home/dan/raspberry-pi-pico/pico/pico-sdk/lib/tinyusb/src/class/cdc/cdc_device.c.obj
                0x0000000010007f34                tud_cdc_n_connected
 .text.tud_cdc_n_available
                0x0000000010007f78       0x18 CMakeFiles/main.dir/home/dan/raspberry-pi-pico/pico/pico-sdk/lib/tinyusb/src/class/cdc/cdc_device.c.obj
                0x0000000010007f78                tud_cdc_n_available
 .text.tud_cdc_n_read
                0x0000000010007f90       0x28 CMakeFiles/main.dir/home/dan/raspberry-pi-pico/pico/pico-sdk/lib/tinyusb/src/class/cdc/cdc_device.c.obj
                0x0000000010007f90                tud_cdc_n_read
 .text.tud_cdc_n_write_flush
                0x0000000010007fb8       0xb8 CMakeFiles/main.dir/home/dan/raspberry-pi-pico/pico/pico-sdk/lib/tinyusb/src/class/cdc/cdc_device.c.obj
                0x0000000010007fb8                tud_cdc_n_write_flush
 .text.tud_cdc_n_write
                0x0000000010008070       0x38 CMakeFiles/main.dir/home/dan/raspberry-pi-pico/pico/pico-sdk/lib/tinyusb/src/class/cdc/cdc_device.c.obj
                0x0000000010008070                tud_cdc_n_write
 .text.tud_cdc_n_write_available
                0x00000000100080a8       0x1c CMakeFiles/main.dir/home/dan/raspberry-pi-pico/pico/pico-sdk/lib/tinyusb/src/class/cdc/cdc_device.c.obj
                0x00000000100080a8                tud_cdc_n_write_available
 .text.cdcd_init
                0x00000000100080c4       0xbc CMakeFiles/main.dir/home/dan/raspberry-pi-pico/pico/pico-sdk/lib/tinyusb/src/class/cdc/cdc_device.c.obj
                0x00000000100080c4                cdcd_init
 .text.cdcd_reset
                0x0000000010008180       0x44 CMakeFiles/main.dir/home/dan/raspberry-pi-pico/pico/pico-sdk/lib/tinyusb/src/class/cdc/cdc_device.c.obj
                0x0000000010008180                cdcd_reset
 .text.cdcd_open
                0x00000000100081c4       0xcc CMakeFiles/main.dir/home/dan/raspberry-pi-pico/pico/pico-sdk/lib/tinyusb/src/class/cdc/cdc_device.c.obj
                0x00000000100081c4                cdcd_open
 .text.cdcd_control_xfer_cb
                0x0000000010008290      0x134 CMakeFiles/main.dir/home/dan/raspberry-pi-pico/pico/pico-sdk/lib/tinyusb/src/class/cdc/cdc_device.c.obj
                0x0000000010008290                cdcd_control_xfer_cb
 .text.cdcd_xfer_cb
                0x00000000100083c4      0x130 CMakeFiles/main.dir/home/dan/raspberry-pi-pico/pico/pico-sdk/lib/tinyusb/src/class/cdc/cdc_device.c.obj
                0x00000000100083c4                cdcd_xfer_cb
 .text.tusb_init
                0x00000000100084f4        0xa CMakeFiles/main.dir/home/dan/raspberry-pi-pico/pico/pico-sdk/lib/tinyusb/src/tusb.c.obj
                0x00000000100084f4                tusb_init
 .text.tusb_inited
                0x00000000100084fe        0xe CMakeFiles/main.dir/home/dan/raspberry-pi-pico/pico/pico-sdk/lib/tinyusb/src/tusb.c.obj
                0x00000000100084fe                tusb_inited
 .text.tu_edpt_claim
                0x000000001000850c       0x50 CMakeFiles/main.dir/home/dan/raspberry-pi-pico/pico/pico-sdk/lib/tinyusb/src/tusb.c.obj
                0x000000001000850c                tu_edpt_claim
 .text.tu_edpt_release
                0x000000001000855c       0x3c CMakeFiles/main.dir/home/dan/raspberry-pi-pico/pico/pico-sdk/lib/tinyusb/src/tusb.c.obj
                0x000000001000855c                tu_edpt_release
 .text.tu_edpt_validate
                0x0000000010008598       0x78 CMakeFiles/main.dir/home/dan/raspberry-pi-pico/pico/pico-sdk/lib/tinyusb/src/tusb.c.obj
                0x0000000010008598                tu_edpt_validate
 .text.tu_edpt_bind_driver
                0x0000000010008610       0x26 CMakeFiles/main.dir/home/dan/raspberry-pi-pico/pico/pico-sdk/lib/tinyusb/src/tusb.c.obj
                0x0000000010008610                tu_edpt_bind_driver
 .text.advance_index
                0x0000000010008636       0x1a CMakeFiles/main.dir/home/dan/raspberry-pi-pico/pico/pico-sdk/lib/tinyusb/src/common/tusb_fifo.c.obj
 .text._tu_fifo_peek
                0x0000000010008650       0x56 CMakeFiles/main.dir/home/dan/raspberry-pi-pico/pico/pico-sdk/lib/tinyusb/src/common/tusb_fifo.c.obj
 .text._ff_pull_const_addr
                0x00000000100086a6       0x4c CMakeFiles/main.dir/home/dan/raspberry-pi-pico/pico/pico-sdk/lib/tinyusb/src/common/tusb_fifo.c.obj
 .text._ff_pull_n
                0x00000000100086f2      0x110 CMakeFiles/main.dir/home/dan/raspberry-pi-pico/pico/pico-sdk/lib/tinyusb/src/common/tusb_fifo.c.obj
 .text._tu_fifo_peek_n
                0x0000000010008802       0x6a CMakeFiles/main.dir/home/dan/raspberry-pi-pico/pico/pico-sdk/lib/tinyusb/src/common/tusb_fifo.c.obj
 .text._tu_fifo_read_n
                0x000000001000886c       0x4e CMakeFiles/main.dir/home/dan/raspberry-pi-pico/pico/pico-sdk/lib/tinyusb/src/common/tusb_fifo.c.obj
 .text._ff_push_const_addr
                0x00000000100088ba       0x40 CMakeFiles/main.dir/home/dan/raspberry-pi-pico/pico/pico-sdk/lib/tinyusb/src/common/tusb_fifo.c.obj
 .text._ff_push_n
                0x00000000100088fa      0x10a CMakeFiles/main.dir/home/dan/raspberry-pi-pico/pico/pico-sdk/lib/tinyusb/src/common/tusb_fifo.c.obj
 .text._tu_fifo_write_n
                0x0000000010008a04       0xf0 CMakeFiles/main.dir/home/dan/raspberry-pi-pico/pico/pico-sdk/lib/tinyusb/src/common/tusb_fifo.c.obj
 .text.tu_fifo_config
                0x0000000010008af4       0x7e CMakeFiles/main.dir/home/dan/raspberry-pi-pico/pico/pico-sdk/lib/tinyusb/src/common/tusb_fifo.c.obj
                0x0000000010008af4                tu_fifo_config
 .text.tu_fifo_count
                0x0000000010008b72       0x2a CMakeFiles/main.dir/home/dan/raspberry-pi-pico/pico/pico-sdk/lib/tinyusb/src/common/tusb_fifo.c.obj
                0x0000000010008b72                tu_fifo_count
 .text.tu_fifo_empty
                0x0000000010008b9c        0xe CMakeFiles/main.dir/home/dan/raspberry-pi-pico/pico/pico-sdk/lib/tinyusb/src/common/tusb_fifo.c.obj
                0x0000000010008b9c                tu_fifo_empty
 .text.tu_fifo_full
                0x0000000010008baa       0x28 CMakeFiles/main.dir/home/dan/raspberry-pi-pico/pico/pico-sdk/lib/tinyusb/src/common/tusb_fifo.c.obj
                0x0000000010008baa                tu_fifo_full
 .text.tu_fifo_remaining
                0x0000000010008bd2       0x2c CMakeFiles/main.dir/home/dan/raspberry-pi-pico/pico/pico-sdk/lib/tinyusb/src/common/tusb_fifo.c.obj
                0x0000000010008bd2                tu_fifo_remaining
 .text.tu_fifo_read
                0x0000000010008bfe       0x42 CMakeFiles/main.dir/home/dan/raspberry-pi-pico/pico/pico-sdk/lib/tinyusb/src/common/tusb_fifo.c.obj
                0x0000000010008bfe                tu_fifo_read
 .text.tu_fifo_read_n
                0x0000000010008c40        0xa CMakeFiles/main.dir/home/dan/raspberry-pi-pico/pico/pico-sdk/lib/tinyusb/src/common/tusb_fifo.c.obj
                0x0000000010008c40                tu_fifo_read_n
 .text.tu_fifo_write
                0x0000000010008c4a       0x64 CMakeFiles/main.dir/home/dan/raspberry-pi-pico/pico/pico-sdk/lib/tinyusb/src/common/tusb_fifo.c.obj
                0x0000000010008c4a                tu_fifo_write
 .text.tu_fifo_write_n
                0x0000000010008cae        0xa CMakeFiles/main.dir/home/dan/raspberry-pi-pico/pico/pico-sdk/lib/tinyusb/src/common/tusb_fifo.c.obj
                0x0000000010008cae                tu_fifo_write_n
 .text.tu_fifo_clear
                0x0000000010008cb8       0x3e CMakeFiles/main.dir/home/dan/raspberry-pi-pico/pico/pico-sdk/lib/tinyusb/src/common/tusb_fifo.c.obj
                0x0000000010008cb8                tu_fifo_clear
 .text.tu_fifo_set_overwritable
                0x0000000010008cf6       0x46 CMakeFiles/main.dir/home/dan/raspberry-pi-pico/pico/pico-sdk/lib/tinyusb/src/common/tusb_fifo.c.obj
                0x0000000010008cf6                tu_fifo_set_overwritable
 .text.spi_set_baudrate
                0x0000000010008d3c       0xce CMakeFiles/main.dir/home/dan/raspberry-pi-pico/pico/pico-sdk/src/rp2_common/hardware_spi/spi.c.obj
                0x0000000010008d3c                spi_set_baudrate
 *fill*         0x0000000010008e0a        0x2 
 .text.spi_init
                0x0000000010008e0c       0x74 CMakeFiles/main.dir/home/dan/raspberry-pi-pico/pico/pico-sdk/src/rp2_common/hardware_spi/spi.c.obj
                0x0000000010008e0c                spi_init
 .text.i2c_set_baudrate
                0x0000000010008e80       0xf0 CMakeFiles/main.dir/home/dan/raspberry-pi-pico/pico/pico-sdk/src/rp2_common/hardware_i2c/i2c.c.obj
                0x0000000010008e80                i2c_set_baudrate
 .text.i2c_init
                0x0000000010008f70       0x58 CMakeFiles/main.dir/home/dan/raspberry-pi-pico/pico/pico-sdk/src/rp2_common/hardware_i2c/i2c.c.obj
                0x0000000010008f70                i2c_init
 .text.LCD_1IN3_Reset
                0x0000000010008fc8       0x2e LCD/libLCD.a(LCD_1in3.c.obj)
 .text.LCD_1IN3_SendCommand
                0x0000000010008ff6       0x24 LCD/libLCD.a(LCD_1in3.c.obj)
 .text.LCD_1IN3_SendData_8Bit
                0x000000001000901a       0x24 LCD/libLCD.a(LCD_1in3.c.obj)
 *fill*         0x000000001000903e        0x2 
 .text.LCD_1IN3_SetAttributes
                0x0000000010009040       0x30 LCD/libLCD.a(LCD_1in3.c.obj)
 .text.LCD_1IN3_InitReg
                0x0000000010009070      0x160 LCD/libLCD.a(LCD_1in3.c.obj)
 .text.LCD_1IN3_Init
                0x00000000100091d0       0x1a LCD/libLCD.a(LCD_1in3.c.obj)
                0x00000000100091d0                LCD_1IN3_Init
 .text.LCD_1IN3_SetWindows
                0x00000000100091ea       0x52 LCD/libLCD.a(LCD_1in3.c.obj)
                0x00000000100091ea                LCD_1IN3_SetWindows
 .text.LCD_1IN3_Clear
                0x000000001000923c       0x88 LCD/libLCD.a(LCD_1in3.c.obj)
                0x000000001000923c                LCD_1IN3_Clear
 .text.LCD_1IN3_Display
                0x00000000100092c4       0x58 LCD/libLCD.a(LCD_1in3.c.obj)
                0x00000000100092c4                LCD_1IN3_Display
 .text.DEV_Digital_Write
                0x000000001000931c       0x18 Config/libConfig.a(DEV_Config.c.obj)
                0x000000001000931c                DEV_Digital_Write
 .text.DEV_Digital_Read
                0x0000000010009334        0xe Config/libConfig.a(DEV_Config.c.obj)
                0x0000000010009334                DEV_Digital_Read
 *fill*         0x0000000010009342        0x2 
 .text.DEV_SPI_WriteByte
                0x0000000010009344       0x1c Config/libConfig.a(DEV_Config.c.obj)
                0x0000000010009344                DEV_SPI_WriteByte
 .text.DEV_SPI_Write_nByte
                0x0000000010009360       0x14 Config/libConfig.a(DEV_Config.c.obj)
                0x0000000010009360                DEV_SPI_Write_nByte
 .text.DEV_GPIO_Mode
                0x0000000010009374       0x26 Config/libConfig.a(DEV_Config.c.obj)
                0x0000000010009374                DEV_GPIO_Mode
 .text.DEV_Delay_ms
                0x000000001000939a        0x8 Config/libConfig.a(DEV_Config.c.obj)
                0x000000001000939a                DEV_Delay_ms
 .text.DEV_GPIO_Init
                0x00000000100093a2       0x4c Config/libConfig.a(DEV_Config.c.obj)
                0x00000000100093a2                DEV_GPIO_Init
 *fill*         0x00000000100093ee        0x2 
 .text.DEV_Module_Init
                0x00000000100093f0       0xcc Config/libConfig.a(DEV_Config.c.obj)
                0x00000000100093f0                DEV_Module_Init
 .text.DEV_SET_PWM
                0x00000000100094bc       0x40 Config/libConfig.a(DEV_Config.c.obj)
                0x00000000100094bc                DEV_SET_PWM
 .text.SET_Infrared_PIN
                0x00000000100094fc       0x20 Infrared/libInfrared.a(Infrared.c.obj)
                0x00000000100094fc                SET_Infrared_PIN
 .text          0x000000001000951c       0x68 /usr/lib/gcc/arm-none-eabi/9.2.1/../../../arm-none-eabi/lib/thumb/v6-m/nofp/libg.a(lib_a-strlen-stub.o)
                0x000000001000951c                strlen
 *(.fini)
 .fini          0x0000000010009584        0x4 /usr/lib/gcc/arm-none-eabi/9.2.1/thumb/v6-m/nofp/crti.o
                0x0000000010009584                _fini
 .fini.__stub   0x0000000010009588       0xf0 linker stubs
 *crtbegin.o(.ctors)
 *crtbegin?.o(.ctors)
 *(EXCLUDE_FILE(*crtend.o *crtend?.o) .ctors)
 *(SORT_BY_NAME(.ctors.*))
 *(.ctors)
 *crtbegin.o(.dtors)
 *crtbegin?.o(.dtors)
 *(EXCLUDE_FILE(*crtend.o *crtend?.o) .dtors)
 *(SORT_BY_NAME(.dtors.*))
 *(.dtors)
 *(.eh_frame*)
 .eh_frame      0x0000000010009678        0x0 /usr/lib/gcc/arm-none-eabi/9.2.1/thumb/v6-m/nofp/crtbegin.o
                0x0000000010009678                . = ALIGN (0x4)

.glue_7         0x0000000010009678        0x0
 .glue_7        0x0000000010009678        0x0 linker stubs

.glue_7t        0x0000000010009678        0x0
 .glue_7t       0x0000000010009678        0x0 linker stubs

.vfp11_veneer   0x0000000010009678        0x0
 .vfp11_veneer  0x0000000010009678        0x0 linker stubs

.v4_bx          0x0000000010009678        0x0
 .v4_bx         0x0000000010009678        0x0 linker stubs

.iplt           0x0000000010009678        0x0
 .iplt          0x0000000010009678        0x0 /usr/lib/gcc/arm-none-eabi/9.2.1/thumb/v6-m/nofp/crtbegin.o

.rodata         0x0000000010009678     0x16f0
 *(EXCLUDE_FILE(*libm.a: *libc.a:*lib_a-mem*.o *libgcc.a:) .rodata*)
 .rodata.spin_lock_claim_unused.str1.4
                0x0000000010009678       0x1b CMakeFiles/main.dir/home/dan/raspberry-pi-pico/pico/pico-sdk/src/rp2_common/hardware_sync/sync.c.obj
 *fill*         0x0000000010009693        0x1 
 .rodata.make_branch.str1.4
                0x0000000010009694       0x7c CMakeFiles/main.dir/home/dan/raspberry-pi-pico/pico/pico-sdk/src/rp2_common/hardware_irq/irq.c.obj
 .rodata.insert_branch_and_link.str1.4
                0x0000000010009710       0x10 CMakeFiles/main.dir/home/dan/raspberry-pi-pico/pico/pico-sdk/src/rp2_common/hardware_irq/irq.c.obj
 .rodata.irq_set_exclusive_handler.str1.4
                0x0000000010009720       0x36 CMakeFiles/main.dir/home/dan/raspberry-pi-pico/pico/pico-sdk/src/rp2_common/hardware_irq/irq.c.obj
 *fill*         0x0000000010009756        0x2 
 .rodata.irq_add_shared_handler.str1.4
                0x0000000010009758       0xd9 CMakeFiles/main.dir/home/dan/raspberry-pi-pico/pico/pico-sdk/src/rp2_common/hardware_irq/irq.c.obj
 *fill*         0x0000000010009831        0x3 
 .rodata.irq_remove_handler.str1.4
                0x0000000010009834       0x3a CMakeFiles/main.dir/home/dan/raspberry-pi-pico/pico/pico-sdk/src/rp2_common/hardware_irq/irq.c.obj
 *fill*         0x000000001000986e        0x2 
 .rodata.irq_add_tail_to_free_list.str1.4
                0x0000000010009870       0x3a CMakeFiles/main.dir/home/dan/raspberry-pi-pico/pico/pico-sdk/src/rp2_common/hardware_irq/irq.c.obj
 *fill*         0x00000000100098aa        0x2 
 .rodata.user_irq_claim_unused.str1.4
                0x00000000100098ac       0x1b CMakeFiles/main.dir/home/dan/raspberry-pi-pico/pico/pico-sdk/src/rp2_common/hardware_irq/irq.c.obj
 *fill*         0x00000000100098c7        0x1 
 .rodata.__func__.4809
                0x00000000100098c8       0x1a CMakeFiles/main.dir/home/dan/raspberry-pi-pico/pico/pico-sdk/src/rp2_common/hardware_irq/irq.c.obj
 *fill*         0x00000000100098e2        0x2 
 .rodata.__func__.4823
                0x00000000100098e4        0xc CMakeFiles/main.dir/home/dan/raspberry-pi-pico/pico/pico-sdk/src/rp2_common/hardware_irq/irq.c.obj
 .rodata.__func__.4831
                0x00000000100098f0       0x17 CMakeFiles/main.dir/home/dan/raspberry-pi-pico/pico/pico-sdk/src/rp2_common/hardware_irq/irq.c.obj
 *fill*         0x0000000010009907        0x1 
 .rodata.__func__.4835
                0x0000000010009908        0xf CMakeFiles/main.dir/home/dan/raspberry-pi-pico/pico/pico-sdk/src/rp2_common/hardware_irq/irq.c.obj
 *fill*         0x0000000010009917        0x1 
 .rodata.__func__.4852
                0x0000000010009918       0x17 CMakeFiles/main.dir/home/dan/raspberry-pi-pico/pico/pico-sdk/src/rp2_common/hardware_irq/irq.c.obj
 *fill*         0x000000001000992f        0x1 
 .rodata.__func__.4874
                0x0000000010009930       0x13 CMakeFiles/main.dir/home/dan/raspberry-pi-pico/pico/pico-sdk/src/rp2_common/hardware_irq/irq.c.obj
 *fill*         0x0000000010009943        0x1 
 .rodata.__func__.4896
                0x0000000010009944       0x1a CMakeFiles/main.dir/home/dan/raspberry-pi-pico/pico/pico-sdk/src/rp2_common/hardware_irq/irq.c.obj
 *fill*         0x000000001000995e        0x2 
 .rodata.str1.4
                0x0000000010009960      0x109 CMakeFiles/main.dir/home/dan/raspberry-pi-pico/pico/pico-sdk/src/common/pico_sync/mutex.c.obj
 *fill*         0x0000000010009a69        0x3 
 .rodata.__func__.4193
                0x0000000010009a6c       0x15 CMakeFiles/main.dir/home/dan/raspberry-pi-pico/pico/pico-sdk/src/common/pico_sync/mutex.c.obj
 *fill*         0x0000000010009a81        0x3 
 .rodata.__func__.4724
                0x0000000010009a84       0x18 CMakeFiles/main.dir/home/dan/raspberry-pi-pico/pico/pico-sdk/src/common/pico_sync/mutex.c.obj
 .rodata.__func__.4743
                0x0000000010009a9c        0xb CMakeFiles/main.dir/home/dan/raspberry-pi-pico/pico/pico-sdk/src/common/pico_sync/mutex.c.obj
 *fill*         0x0000000010009aa7        0x1 
 .rodata.repeating_timer_callback.str1.4
                0x0000000010009aa8       0x5a CMakeFiles/main.dir/home/dan/raspberry-pi-pico/pico/pico-sdk/src/common/pico_time/time.c.obj
 *fill*         0x0000000010009b02        0x2 
 .rodata.timer_pool_entry_comparator.str1.4
                0x0000000010009b04       0x22 CMakeFiles/main.dir/home/dan/raspberry-pi-pico/pico/pico-sdk/src/common/pico_time/time.c.obj
 *fill*         0x0000000010009b26        0x2 
 .rodata.ph_add_child_node.str1.4
                0x0000000010009b28       0xa6 CMakeFiles/main.dir/home/dan/raspberry-pi-pico/pico/pico-sdk/src/common/pico_time/time.c.obj
 *fill*         0x0000000010009bce        0x2 
 .rodata.add_alarm_under_lock.str1.4
                0x0000000010009bd0       0x28 CMakeFiles/main.dir/home/dan/raspberry-pi-pico/pico/pico-sdk/src/common/pico_time/time.c.obj
                                         0x2b (size before relaxing)
 .rodata.alarm_pool_alarm_callback.str1.4
                0x0000000010009bf8       0x98 CMakeFiles/main.dir/home/dan/raspberry-pi-pico/pico/pico-sdk/src/common/pico_time/time.c.obj
                                        0x108 (size before relaxing)
 .rodata.alarm_pool_get_default.str1.4
                0x0000000010009c90       0x21 CMakeFiles/main.dir/home/dan/raspberry-pi-pico/pico/pico-sdk/src/common/pico_time/time.c.obj
 *fill*         0x0000000010009cb1        0x3 
 .rodata.alarm_pool_cancel_alarm.str1.4
                0x0000000010009cb4       0x27 CMakeFiles/main.dir/home/dan/raspberry-pi-pico/pico/pico-sdk/src/common/pico_time/time.c.obj
 *fill*         0x0000000010009cdb        0x1 
 .rodata.sleep_until.str1.4
                0x0000000010009cdc       0x4d CMakeFiles/main.dir/home/dan/raspberry-pi-pico/pico/pico-sdk/src/common/pico_time/time.c.obj
 *fill*         0x0000000010009d29        0x3 
 .rodata.__func__.5701
                0x0000000010009d2c       0x15 CMakeFiles/main.dir/home/dan/raspberry-pi-pico/pico/pico-sdk/src/common/pico_time/time.c.obj
 *fill*         0x0000000010009d41        0x3 
 .rodata.__func__.6045
                0x0000000010009d44        0xc CMakeFiles/main.dir/home/dan/raspberry-pi-pico/pico/pico-sdk/src/common/pico_time/time.c.obj
 .rodata.__func__.6052
                0x0000000010009d50       0x12 CMakeFiles/main.dir/home/dan/raspberry-pi-pico/pico/pico-sdk/src/common/pico_time/time.c.obj
 *fill*         0x0000000010009d62        0x2 
 .rodata.__func__.6068
                0x0000000010009d64        0xf CMakeFiles/main.dir/home/dan/raspberry-pi-pico/pico/pico-sdk/src/common/pico_time/time.c.obj
 *fill*         0x0000000010009d73        0x1 
 .rodata.__func__.6090
                0x0000000010009d74        0xd CMakeFiles/main.dir/home/dan/raspberry-pi-pico/pico/pico-sdk/src/common/pico_time/time.c.obj
 *fill*         0x0000000010009d81        0x3 
 .rodata.__func__.6319
                0x0000000010009d84        0xa CMakeFiles/main.dir/home/dan/raspberry-pi-pico/pico/pico-sdk/src/common/pico_time/time.c.obj
 *fill*         0x0000000010009d8e        0x2 
 .rodata.__func__.6324
                0x0000000010009d90       0x12 CMakeFiles/main.dir/home/dan/raspberry-pi-pico/pico/pico-sdk/src/common/pico_time/time.c.obj
 *fill*         0x0000000010009da2        0x2 
 .rodata.__func__.6339
                0x0000000010009da4       0x17 CMakeFiles/main.dir/home/dan/raspberry-pi-pico/pico/pico-sdk/src/common/pico_time/time.c.obj
 *fill*         0x0000000010009dbb        0x1 
 .rodata.__func__.6350
                0x0000000010009dbc       0x15 CMakeFiles/main.dir/home/dan/raspberry-pi-pico/pico/pico-sdk/src/common/pico_time/time.c.obj
 *fill*         0x0000000010009dd1        0x3 
 .rodata.__func__.6367
                0x0000000010009dd4       0x1a CMakeFiles/main.dir/home/dan/raspberry-pi-pico/pico/pico-sdk/src/common/pico_time/time.c.obj
 *fill*         0x0000000010009dee        0x2 
 .rodata.__func__.6420
                0x0000000010009df0       0x18 CMakeFiles/main.dir/home/dan/raspberry-pi-pico/pico/pico-sdk/src/common/pico_time/time.c.obj
 .rodata.hardware_alarm_claim.str1.4
                0x0000000010009e08       0x22 CMakeFiles/main.dir/home/dan/raspberry-pi-pico/pico/pico-sdk/src/rp2_common/hardware_timer/timer.c.obj
 *fill*         0x0000000010009e2a        0x2 
 .rodata.hardware_alarm_set_target.str1.4
                0x0000000010009e2c       0x74 CMakeFiles/main.dir/home/dan/raspberry-pi-pico/pico/pico-sdk/src/rp2_common/hardware_timer/timer.c.obj
 .rodata.__func__.4590
                0x0000000010009ea0       0x1a CMakeFiles/main.dir/home/dan/raspberry-pi-pico/pico/pico-sdk/src/rp2_common/hardware_timer/timer.c.obj
 .rodata.ph_add_child_node.str1.4
                0x0000000010009eba       0xa6 CMakeFiles/main.dir/home/dan/raspberry-pi-pico/pico/pico-sdk/src/common/pico_util/pheap.c.obj
 *fill*         0x0000000010009eba        0x2 
 .rodata.ph_remove_any_head.str1.4
                0x0000000010009ebc       0x9c CMakeFiles/main.dir/home/dan/raspberry-pi-pico/pico/pico-sdk/src/common/pico_util/pheap.c.obj
                                         0xb0 (size before relaxing)
 .rodata.ph_remove_and_free_node.str1.4
                0x0000000010009f58       0x1e CMakeFiles/main.dir/home/dan/raspberry-pi-pico/pico/pico-sdk/src/common/pico_util/pheap.c.obj
                                         0x26 (size before relaxing)
 *fill*         0x0000000010009f76        0x2 
 .rodata.__func__.5726
                0x0000000010009f78        0xc CMakeFiles/main.dir/home/dan/raspberry-pi-pico/pico/pico-sdk/src/common/pico_util/pheap.c.obj
 .rodata.__func__.5733
                0x0000000010009f84       0x12 CMakeFiles/main.dir/home/dan/raspberry-pi-pico/pico/pico-sdk/src/common/pico_util/pheap.c.obj
 *fill*         0x0000000010009f96        0x2 
 .rodata.__func__.5819
                0x0000000010009f98       0x13 CMakeFiles/main.dir/home/dan/raspberry-pi-pico/pico/pico-sdk/src/common/pico_util/pheap.c.obj
 *fill*         0x0000000010009fab        0x1 
 .rodata.__func__.5837
                0x0000000010009fac       0x18 CMakeFiles/main.dir/home/dan/raspberry-pi-pico/pico/pico-sdk/src/common/pico_util/pheap.c.obj
 .rodata.clock_configure.str1.4
                0x0000000010009fc4       0x66 CMakeFiles/main.dir/home/dan/raspberry-pi-pico/pico/pico-sdk/src/rp2_common/hardware_clocks/clocks.c.obj
 *fill*         0x000000001000a02a        0x2 
 .rodata.__func__.4776
                0x000000001000a02c       0x10 CMakeFiles/main.dir/home/dan/raspberry-pi-pico/pico/pico-sdk/src/rp2_common/hardware_clocks/clocks.c.obj
 .rodata.pll_init.str1.4
                0x000000001000a03c      0x130 CMakeFiles/main.dir/home/dan/raspberry-pi-pico/pico/pico-sdk/src/rp2_common/hardware_pll/pll.c.obj
 .rodata.__func__.4433
                0x000000001000a16c        0x9 CMakeFiles/main.dir/home/dan/raspberry-pi-pico/pico/pico-sdk/src/rp2_common/hardware_pll/pll.c.obj
 *fill*         0x000000001000a175        0x3 
 .rodata.__assert_func.str1.4
                0x000000001000a178       0x3f CMakeFiles/main.dir/home/dan/raspberry-pi-pico/pico/pico-sdk/src/rp2_common/pico_runtime/runtime.c.obj
                                         0x43 (size before relaxing)
 *fill*         0x000000001000a1b7        0x1 
 .rodata.runtime_init.str1.4
                0x000000001000a1b8       0x70 CMakeFiles/main.dir/home/dan/raspberry-pi-pico/pico/pico-sdk/src/rp2_common/pico_runtime/runtime.c.obj
 .rodata.panic.str1.4
                0x000000001000a228       0x12 CMakeFiles/main.dir/home/dan/raspberry-pi-pico/pico/pico-sdk/src/rp2_common/pico_runtime/runtime.c.obj
 *fill*         0x000000001000a23a        0x2 
 .rodata.__func__.6387
                0x000000001000a23c        0xd CMakeFiles/main.dir/home/dan/raspberry-pi-pico/pico/pico-sdk/src/rp2_common/pico_runtime/runtime.c.obj
 *fill*         0x000000001000a249        0x3 
 .rodata._ftoa.str1.4
                0x000000001000a24c       0x15 CMakeFiles/main.dir/home/dan/raspberry-pi-pico/pico/pico-sdk/src/rp2_common/pico_printf/printf.c.obj
 *fill*         0x000000001000a261        0x3 
 .rodata._vsnprintf
                0x000000001000a264      0x1e0 CMakeFiles/main.dir/home/dan/raspberry-pi-pico/pico/pico-sdk/src/rp2_common/pico_printf/printf.c.obj
 *fill*         0x000000001000a444        0x4 
 .rodata.pow10.5431
                0x000000001000a448       0x50 CMakeFiles/main.dir/home/dan/raspberry-pi-pico/pico/pico-sdk/src/rp2_common/pico_printf/printf.c.obj
 .rodata.__aeabi_double_init.str1.4
                0x000000001000a498       0xab CMakeFiles/main.dir/home/dan/raspberry-pi-pico/pico/pico-sdk/src/rp2_common/pico_double/double_init_rom.c.obj
 *fill*         0x000000001000a543        0x1 
 .rodata.__func__.4737
                0x000000001000a544       0x14 CMakeFiles/main.dir/home/dan/raspberry-pi-pico/pico/pico-sdk/src/rp2_common/pico_double/double_init_rom.c.obj
 .rodata.__aeabi_float_init.str1.4
                0x000000001000a558       0x89 CMakeFiles/main.dir/home/dan/raspberry-pi-pico/pico/pico-sdk/src/rp2_common/pico_float/float_init_rom.c.obj
                                         0x8d (size before relaxing)
 *fill*         0x000000001000a5e1        0x3 
 .rodata.__func__.4738
                0x000000001000a5e4       0x13 CMakeFiles/main.dir/home/dan/raspberry-pi-pico/pico/pico-sdk/src/rp2_common/pico_float/float_init_rom.c.obj
 *fill*         0x000000001000a5f7        0x1 
 .rodata.str1.4
                0x000000001000a5f8       0x3c CMakeFiles/main.dir/home/dan/raspberry-pi-pico/pico/pico-sdk/src/rp2_common/pico_standard_link/binary_info.c.obj
 .rodata.__bi_44
                0x000000001000a634        0xc CMakeFiles/main.dir/home/dan/raspberry-pi-pico/pico/pico-sdk/src/rp2_common/pico_standard_link/binary_info.c.obj
 .rodata.__bi_75
                0x000000001000a640        0xc CMakeFiles/main.dir/home/dan/raspberry-pi-pico/pico/pico-sdk/src/rp2_common/pico_standard_link/binary_info.c.obj
 .rodata.__bi_81
                0x000000001000a64c        0xc CMakeFiles/main.dir/home/dan/raspberry-pi-pico/pico/pico-sdk/src/rp2_common/pico_standard_link/binary_info.c.obj
 .rodata.stdout_serialize_begin.str1.4
                0x000000001000a658       0x70 CMakeFiles/main.dir/home/dan/raspberry-pi-pico/pico/pico-sdk/src/rp2_common/pico_stdio/stdio.c.obj
 .rodata.__func__.5563
                0x000000001000a658       0x15 CMakeFiles/main.dir/home/dan/raspberry-pi-pico/pico/pico-sdk/src/rp2_common/pico_stdio/stdio.c.obj
 *fill*         0x000000001000a66d        0x3 
 .rodata.crlf_str.6084
                0x000000001000a670        0x2 CMakeFiles/main.dir/home/dan/raspberry-pi-pico/pico/pico-sdk/src/rp2_common/pico_stdio/stdio.c.obj
 *fill*         0x000000001000a672        0x2 
 .rodata._resetd_driver
                0x000000001000a674       0x18 CMakeFiles/main.dir/home/dan/raspberry-pi-pico/pico/pico-sdk/src/rp2_common/pico_stdio_usb/reset_interface.c.obj
 .rodata.low_priority_worker_irq.str1.4
                0x000000001000a68c       0x70 CMakeFiles/main.dir/home/dan/raspberry-pi-pico/pico/pico-sdk/src/rp2_common/pico_stdio_usb/stdio_usb.c.obj
 .rodata.stdio_usb_init.str1.4
                0x000000001000a68c       0x54 CMakeFiles/main.dir/home/dan/raspberry-pi-pico/pico/pico-sdk/src/rp2_common/pico_stdio_usb/stdio_usb.c.obj
                                         0x5c (size before relaxing)
 .rodata.str1.4
                0x000000001000a6e0       0x13 CMakeFiles/main.dir/home/dan/raspberry-pi-pico/pico/pico-sdk/src/rp2_common/pico_stdio_usb/stdio_usb.c.obj
 *fill*         0x000000001000a6f3        0x1 
 .rodata.__bi_182.7662
                0x000000001000a6f4        0xc CMakeFiles/main.dir/home/dan/raspberry-pi-pico/pico/pico-sdk/src/rp2_common/pico_stdio_usb/stdio_usb.c.obj
 .rodata.__func__.5424
                0x000000001000a700       0x15 CMakeFiles/main.dir/home/dan/raspberry-pi-pico/pico/pico-sdk/src/rp2_common/pico_stdio_usb/stdio_usb.c.obj
 *fill*         0x000000001000a715        0x3 
 .rodata.__func__.7660
                0x000000001000a718        0xf CMakeFiles/main.dir/home/dan/raspberry-pi-pico/pico/pico-sdk/src/rp2_common/pico_stdio_usb/stdio_usb.c.obj
 *fill*         0x000000001000a727        0x1 
 .rodata.str1.4
                0x000000001000a728       0x2a CMakeFiles/main.dir/home/dan/raspberry-pi-pico/pico/pico-sdk/src/rp2_common/pico_stdio_usb/stdio_usb_descriptors.c.obj
 *fill*         0x000000001000a752        0x2 
 .rodata.usbd_desc_cfg
                0x000000001000a754       0x54 CMakeFiles/main.dir/home/dan/raspberry-pi-pico/pico/pico-sdk/src/rp2_common/pico_stdio_usb/stdio_usb_descriptors.c.obj
 .rodata.usbd_desc_device
                0x000000001000a7a8       0x12 CMakeFiles/main.dir/home/dan/raspberry-pi-pico/pico/pico-sdk/src/rp2_common/pico_stdio_usb/stdio_usb_descriptors.c.obj
 *fill*         0x000000001000a7ba        0x2 
 .rodata.usbd_desc_str
                0x000000001000a7bc       0x18 CMakeFiles/main.dir/home/dan/raspberry-pi-pico/pico/pico-sdk/src/rp2_common/pico_stdio_usb/stdio_usb_descriptors.c.obj
 .rodata.pico_get_unique_board_id_string.str1.4
                0x000000001000a7d4       0x5c CMakeFiles/main.dir/home/dan/raspberry-pi-pico/pico/pico-sdk/src/rp2_common/pico_unique_id/unique_id.c.obj
 .rodata.__func__.4305
                0x000000001000a830       0x20 CMakeFiles/main.dir/home/dan/raspberry-pi-pico/pico/pico-sdk/src/rp2_common/pico_unique_id/unique_id.c.obj
 .rodata.str1.4
                0x000000001000a850      0x166 CMakeFiles/main.dir/home/dan/raspberry-pi-pico/pico/pico-sdk/src/rp2_common/hardware_flash/flash.c.obj
 *fill*         0x000000001000a9b6        0x2 
 .rodata.__func__.4479
                0x000000001000a9b8        0xd CMakeFiles/main.dir/home/dan/raspberry-pi-pico/pico/pico-sdk/src/rp2_common/hardware_flash/flash.c.obj
 *fill*         0x000000001000a9c5        0x3 
 .rodata._hw_endpoint_alloc.str1.4
                0x000000001000a9c8       0xc5 CMakeFiles/main.dir/home/dan/raspberry-pi-pico/pico/pico-sdk/lib/tinyusb/src/portable/raspberrypi/rp2040/dcd_rp2040.c.obj
 *fill*         0x000000001000aa8d        0x3 
 .rodata.str1.4
                0x000000001000aa90       0x14 CMakeFiles/main.dir/home/dan/raspberry-pi-pico/pico/pico-sdk/lib/tinyusb/src/portable/raspberrypi/rp2040/dcd_rp2040.c.obj
 .rodata.dcd_int_enable.str1.4
                0x000000001000aaa4        0xc CMakeFiles/main.dir/home/dan/raspberry-pi-pico/pico/pico-sdk/lib/tinyusb/src/portable/raspberrypi/rp2040/dcd_rp2040.c.obj
 .rodata.__func__.6897
                0x000000001000aab0       0x13 CMakeFiles/main.dir/home/dan/raspberry-pi-pico/pico/pico-sdk/lib/tinyusb/src/portable/raspberrypi/rp2040/dcd_rp2040.c.obj
 *fill*         0x000000001000aac3        0x1 
 .rodata.__func__.6968
                0x000000001000aac4        0x9 CMakeFiles/main.dir/home/dan/raspberry-pi-pico/pico/pico-sdk/lib/tinyusb/src/portable/raspberrypi/rp2040/dcd_rp2040.c.obj
 *fill*         0x000000001000aacd        0x3 
 .rodata.__func__.6972
                0x000000001000aad0        0xf CMakeFiles/main.dir/home/dan/raspberry-pi-pico/pico/pico-sdk/lib/tinyusb/src/portable/raspberrypi/rp2040/dcd_rp2040.c.obj
 *fill*         0x000000001000aadf        0x1 
 .rodata.__func__.6981
                0x000000001000aae0       0x10 CMakeFiles/main.dir/home/dan/raspberry-pi-pico/pico/pico-sdk/lib/tinyusb/src/portable/raspberrypi/rp2040/dcd_rp2040.c.obj
 .rodata.__func__.7004
                0x000000001000aaf0        0xe CMakeFiles/main.dir/home/dan/raspberry-pi-pico/pico/pico-sdk/lib/tinyusb/src/portable/raspberrypi/rp2040/dcd_rp2040.c.obj
 *fill*         0x000000001000aafe        0x2 
 .rodata.__func__.7014
                0x000000001000ab00        0xe CMakeFiles/main.dir/home/dan/raspberry-pi-pico/pico/pico-sdk/lib/tinyusb/src/portable/raspberrypi/rp2040/dcd_rp2040.c.obj
 *fill*         0x000000001000ab0e        0x2 
 .rodata.str1.4
                0x000000001000ab10       0xf7 CMakeFiles/main.dir/home/dan/raspberry-pi-pico/pico/pico-sdk/lib/tinyusb/src/portable/raspberrypi/rp2040/rp2040_usb.c.obj
 *fill*         0x000000001000ac07        0x1 
 .rodata.__func__.6723
                0x000000001000ac08        0xf CMakeFiles/main.dir/home/dan/raspberry-pi-pico/pico/pico-sdk/lib/tinyusb/src/portable/raspberrypi/rp2040/rp2040_usb.c.obj
 *fill*         0x000000001000ac17        0x1 
 .rodata.process_get_descriptor
                0x000000001000ac18       0x40 CMakeFiles/main.dir/home/dan/raspberry-pi-pico/pico/pico-sdk/lib/tinyusb/src/device/usbd.c.obj
 .rodata.process_control_request
                0x000000001000ac58       0x28 CMakeFiles/main.dir/home/dan/raspberry-pi-pico/pico/pico-sdk/lib/tinyusb/src/device/usbd.c.obj
 .rodata.tud_task_ext
                0x000000001000ac80       0x24 CMakeFiles/main.dir/home/dan/raspberry-pi-pico/pico/pico-sdk/lib/tinyusb/src/device/usbd.c.obj